Component: ARM Compiler 5.06 update 7 (build 960) Tool: armlink [4d3601]

==============================================================================

Section Cross References

    main.o(i.DrawCircles) refers to lcd_draw.o(i.LCD_Circle) for LCD_Circle
    main.o(i.DrawCircles) refers to main.o(.data) for BLACK
    main.o(i.DrawResource) refers to rand.o(.emb_text) for rand
    main.o(i.DrawResource) refers to lcd_draw.o(i.LCD_FillRect) for LCD_FillRect
    main.o(i.DrawResource) refers to main.o(.constdata) for .constdata
    main.o(i.DrawResource) refers to game.o(.data) for box_color
    main.o(i.DrawResource) refers to main.o(.data) for BLACK
    main.o(i.DrawWhiteBorder) refers to lcd_draw.o(i.LCD_FillRect) for LCD_FillRect
    main.o(i.DrawWhiteBorder) refers to lcd_draw.o(i.LCD_Circle) for LCD_Circle
    main.o(i.DrawWhiteBorder) refers to main.o(.data) for WHITE
    main.o(i.DrawWhiteBorder) refers to game.o(.data) for NodeCoord
    main.o(i.MENU) refers to lcd_draw.o(i.LCD_Rect) for LCD_Rect
    main.o(i.MENU) refers to main.o(.data) for WHITE
    main.o(i.ResourceBoard) refers to lcd_draw.o(i.LCD_HLine) for LCD_HLine
    main.o(i.ResourceBoard) refers to lcd_draw.o(i.LCD_VLine) for LCD_VLine
    main.o(i.ResourceBoard) refers to lcd_draw.o(i.LCD_FillRect) for LCD_FillRect
    main.o(i.ResourceBoard) refers to main.o(.data) for WHITE
    main.o(i.ScoreBoard) refers to lcd_draw.o(i.LCD_Rect) for LCD_Rect
    main.o(i.ScoreBoard) refers to lcd_draw.o(i.LCD_DrawNumTitle) for LCD_DrawNumTitle
    main.o(i.ScoreBoard) refers to main.o(.data) for WHITE
    main.o(i.main) refers to sysclock.o(i.System_Clock_Init) for System_Clock_Init
    main.o(i.main) refers to gpio.o(i.GPIO_Init) for GPIO_Init
    main.o(i.main) refers to gpio.o(i.SPI_Init) for SPI_Init
    main.o(i.main) refers to systimer.o(i.SysTick_Init) for SysTick_Init
    main.o(i.main) refers to i2c.o(i.I2C_GPIO_Init) for I2C_GPIO_Init
    main.o(i.main) refers to i2c.o(i.I2C_Initialization) for I2C_Initialization
    main.o(i.main) refers to i2c.o(i.I2C_SendData) for I2C_SendData
    main.o(i.main) refers to util.o(i.ili9341_hspi_init) for ili9341_hspi_init
    main.o(i.main) refers to sspi.o(i.hspi_cmd) for hspi_cmd
    main.o(i.main) refers to sspi.o(i.hspi_w16) for hspi_w16
    main.o(i.main) refers to lcd_draw.o(i.LCD_Screen) for LCD_Screen
    main.o(i.main) refers to main.o(i.MENU) for MENU
    main.o(i.main) refers to i2c.o(i.I2C_ReceiveData) for I2C_ReceiveData
    main.o(i.main) refers to main.o(i.shuffle) for shuffle
    main.o(i.main) refers to main.o(i.DrawResource) for DrawResource
    main.o(i.main) refers to main.o(i.DrawWhiteBorder) for DrawWhiteBorder
    main.o(i.main) refers to game.o(i.NodePointer) for NodePointer
    main.o(i.main) refers to main.o(i.ScoreBoard) for ScoreBoard
    main.o(i.main) refers to main.o(i.ResourceBoard) for ResourceBoard
    main.o(i.main) refers to game.o(i.RefreshResourceBoard) for RefreshResourceBoard
    main.o(i.main) refers to game.o(i.initialize_arrays) for initialize_arrays
    main.o(i.main) refers to game.o(i.TurnIndicator) for TurnIndicator
    main.o(i.main) refers to game.o(i.JoystickHandler) for JoystickHandler
    main.o(i.main) refers to systimer.o(i.delay) for delay
    main.o(i.main) refers to main.o(.data) for Debug
    main.o(i.main) refers to game.o(.data) for box_color
    main.o(i.shuffle) refers to rand.o(.text) for srand
    main.o(i.shuffle) refers to rand.o(.emb_text) for rand
    main.o(i.shuffle) refers to main.o(.data) for rng
    sspi.o(i.hspi_cmd) refers to sspi.o(i.hspi_w8) for hspi_w8
    sspi.o(i.hspi_w16) refers to sspi.o(i.hspi_w8) for hspi_w8
    sspi.o(i.hspimod_w16) refers to sspi.o(i.hspi_w8) for hspi_w8
    sspi.o(i.hspimod_w16) refers to sspi.o(.data) for RGBLT
    sspi.o(i.sspi_cmd) refers to sspi.o(i.sspi_w) for sspi_w
    lcd_draw.o(i.LCD_Circle) refers to lcd_draw.o(i.Refresh) for Refresh
    lcd_draw.o(i.LCD_Circle) refers to lcd_draw.o(.bss) for screen
    lcd_draw.o(i.LCD_DrawNumTitle) refers to lcd_draw.o(i.LCD_Rect) for LCD_Rect
    lcd_draw.o(i.LCD_DrawNumTitle) refers to lcd_draw.o(i.LCD_FillRect) for LCD_FillRect
    lcd_draw.o(i.LCD_FillRect) refers to lcd_draw.o(i.Refresh) for Refresh
    lcd_draw.o(i.LCD_FillRect) refers to lcd_draw.o(.bss) for screen
    lcd_draw.o(i.LCD_HLine) refers to lcd_draw.o(i.Refresh) for Refresh
    lcd_draw.o(i.LCD_HLine) refers to lcd_draw.o(.bss) for screen
    lcd_draw.o(i.LCD_Rect) refers to lcd_draw.o(i.Refresh) for Refresh
    lcd_draw.o(i.LCD_Rect) refers to lcd_draw.o(.bss) for screen
    lcd_draw.o(i.LCD_Screen) refers to lcd_draw.o(i.Refresh) for Refresh
    lcd_draw.o(i.LCD_Screen) refers to lcd_draw.o(.bss) for screen
    lcd_draw.o(i.LCD_VLine) refers to lcd_draw.o(i.Refresh) for Refresh
    lcd_draw.o(i.LCD_VLine) refers to lcd_draw.o(.bss) for screen
    lcd_draw.o(i.Refresh) refers to sspi.o(i.hspimod_w16) for hspimod_w16
    lcd_draw.o(i.Refresh) refers to lcd_draw.o(.bss) for screen
[...]
    rand.o(.emb_text) refers to rand.o(.text) for _rand_init
    rand.o(.emb_text) refers to rand.o(.bss) for _random_number_data
    rand.o(.text) refers (Special) to libinit2.o(.ARM.Collect$$libinit$$0000000D) for __rt_lib_init_rand_2
    rand.o(.text) refers to rand.o(.bss) for .bss
    rand.o(.bss) refers (Special) to libinit2.o(.ARM.Collect$$libinit$$0000000D) for __rt_lib_init_rand_2
    __main.o(!!!main) refers to __rtentry.o(.ARM.Collect$$rtentry$$00000000) for __rt_entry
    dfix.o(x$fpl$dfix) refers (Special) to usenofp.o(x$fpl$usenofp) for __I$use$fp
    dfix.o(x$fpl$dfix) refers to dnaninf.o(x$fpl$dnaninf) for __fpl_dnaninf
    dfix.o(x$fpl$dfixr) refers (Special) to usenofp.o(x$fpl$usenofp) for __I$use$fp
    dfix.o(x$fpl$dfixr) refers to dnaninf.o(x$fpl$dnaninf) for __fpl_dnaninf
    dflt_clz.o(x$fpl$dfltu) refers (Special) to usenofp.o(x$fpl$usenofp) for __I$use$fp
    dflt_clz.o(x$fpl$dflt) refers (Special) to usenofp.o(x$fpl$usenofp) for __I$use$fp
    dflt_clz.o(x$fpl$dfltn) refers (Special) to usenofp.o(x$fpl$usenofp) for __I$use$fp
    floor.o(i.__hardfp_floor) refers (Special) to usenofp.o(x$fpl$usenofp) for __I$use$fp
    floor.o(i.__hardfp_floor) refers to daddsub_clz.o(x$fpl$dadd) for __aeabi_dadd
    floor.o(i.__hardfp_floor) refers to drleqf.o(x$fpl$drleqf) for __aeabi_cdrcmple
    floor.o(i.__hardfp_floor) refers to daddsub_clz.o(x$fpl$drsb) for __aeabi_drsub
    floor.o(i.__softfp_floor) refers (Special) to usenofp.o(x$fpl$usenofp) for __I$use$fp
    floor.o(i.__softfp_floor) refers to floor.o(i.__hardfp_floor) for __hardfp_floor
    floor.o(i.floor) refers (Special) to usenofp.o(x$fpl$usenofp) for __I$use$fp
    floor.o(i.floor) refers to floor.o(i.__hardfp_floor) for __hardfp_floor
    __rtentry.o(.ARM.Collect$$rtentry$$00000000) refers (Special) to __rtentry2.o(.ARM.Collect$$rtentry$$0000000A) for __rt_entry_li
    __rtentry.o(.ARM.Collect$$rtentry$$00000000) refers (Special) to __rtentry2.o(.ARM.Collect$$rtentry$$0000000D) for __rt_entry_main
    __rtentry.o(.ARM.Collect$$rtentry$$00000000) refers (Special) to __rtentry2.o(.ARM.Collect$$rtentry$$0000000C) for __rt_entry_postli_1
    __rtentry.o(.ARM.Collect$$rtentry$$00000000) refers (Special) to __rtentry2.o(.ARM.Collect$$rtentry$$00000009) for __rt_entry_postsh_1
    __rtentry.o(.ARM.Collect$$rtentry$$00000000) refers (Special) to __rtentry2.o(.ARM.Collect$$rtentry$$00000002) for __rt_entry_presh_1
    __rtentry.o(.ARM.Collect$$rtentry$$00000000) refers (Special) to __rtentry4.o(.ARM.Collect$$rtentry$$00000004) for __rt_entry_sh
    libinit2.o(.ARM.Collect$$libinit$$00000001) refers to fpinit.o(x$fpl$fpinit) for _fp_init
    libinit2.o(.ARM.Collect$$libinit$$0000000D) refers (Weak) to rand.o(.text) for _rand_init
    libinit2.o(.ARM.Collect$$libinit$$00000010) refers to libinit2.o(.ARM.Collect$$libinit$$0000000F) for .ARM.Collect$$libinit$$0000000F
    libinit2.o(.ARM.Collect$$libinit$$00000012) refers to libinit2.o(.ARM.Collect$$libinit$$0000000F) for .ARM.Collect$$libinit$$0000000F
    libinit2.o(.ARM.Collect$$libinit$$00000014) refers to libinit2.o(.ARM.Collect$$libinit$$0000000F) for .ARM.Collect$$libinit$$0000000F
    libinit2.o(.ARM.Collect$$libinit$$00000016) refers to libinit2.o(.ARM.Collect$$libinit$$0000000F) for .ARM.Collect$$libinit$$0000000F
    libinit2.o(.ARM.Collect$$libinit$$00000018) refers to libinit2.o(.ARM.Collect$$libinit$$0000000F) for .ARM.Collect$$libinit$$0000000F
    libinit2.o(.ARM.Collect$$libinit$$00000026) refers to argv_veneer.o(.emb_text) for __ARM_argv_veneer
    libinit2.o(.ARM.Collect$$libinit$$00000027) refers to argv_veneer.o(.emb_text) for __ARM_argv_veneer
    daddsub_clz.o(x$fpl$dadd) refers (Special) to usenofp.o(x$fpl$usenofp) for __I$use$fp
    daddsub_clz.o(x$fpl$dadd) refers to daddsub_clz.o(x$fpl$dsub) for _dsub1
    daddsub_clz.o(x$fpl$dadd) refers to dretinf.o(x$fpl$dretinf) for __fpl_dretinf
    daddsub_clz.o(x$fpl$dadd) refers to dnaninf.o(x$fpl$dnaninf) for __fpl_dnaninf
    daddsub_clz.o(x$fpl$drsb) refers (Special) to usenofp.o(x$fpl$usenofp) for __I$use$fp
    daddsub_clz.o(x$fpl$drsb) refers to daddsub_clz.o(x$fpl$dadd) for _dadd1
    daddsub_clz.o(x$fpl$drsb) refers to daddsub_clz.o(x$fpl$dsub) for _dsub1
    daddsub_clz.o(x$fpl$dsub) refers (Special) to usenofp.o(x$fpl$usenofp) for __I$use$fp
    daddsub_clz.o(x$fpl$dsub) refers to daddsub_clz.o(x$fpl$dadd) for _dadd1
    daddsub_clz.o(x$fpl$dsub) refers to dnaninf.o(x$fpl$dnaninf) for __fpl_dnaninf
    dnaninf.o(x$fpl$dnaninf) refers (Special) to usenofp.o(x$fpl$usenofp) for __I$use$fp
    drleqf.o(x$fpl$drleqf) refers (Special) to usenofp.o(x$fpl$usenofp) for __I$use$fp
    drleqf.o(x$fpl$drleqf) refers to dleqf.o(x$fpl$dleqf) for __fpl_dcmple_InfNaN
    __rtentry2.o(.ARM.Collect$$rtentry$$00000008) refers to boardinit2.o(.text) for _platform_post_stackheap_init
    __rtentry2.o(.ARM.Collect$$rtentry$$0000000A) refers to libinit.o(.ARM.Collect$$libinit$$00000000) for __rt_lib_init
    __rtentry2.o(.ARM.Collect$$rtentry$$0000000B) refers to boardinit3.o(.text) for _platform_post_lib_init
    __rtentry2.o(.ARM.Collect$$rtentry$$0000000D) refers to main.o(i.main) for main
    __rtentry2.o(.ARM.Collect$$rtentry$$0000000D) refers to exit.o(.text) for exit
    __rtentry2.o(.ARM.exidx) refers to __rtentry2.o(.ARM.Collect$$rtentry$$00000001) for .ARM.Collect$$rtentry$$00000001
    __rtentry2.o(.ARM.exidx) refers to __rtentry2.o(.ARM.Collect$$rtentry$$00000008) for .ARM.Collect$$rtentry$$00000008
    __rtentry2.o(.ARM.exidx) refers to __rtentry2.o(.ARM.Collect$$rtentry$$0000000A) for .ARM.Collect$$rtentry$$0000000A
    __rtentry2.o(.ARM.exidx) refers to __rtentry2.o(.ARM.Collect$$rtentry$$0000000B) for .ARM.Collect$$rtentry$$0000000B
    __rtentry2.o(.ARM.exidx) refers to __rtentry2.o(.ARM.Collect$$rtentry$$0000000D) for .ARM.Collect$$rtentry$$0000000D
    __rtentry4.o(.ARM.Collect$$rtentry$$00000004) refers to sys_stackheap_outer.o(.text) for __user_setup_stackheap
    __rtentry4.o(.ARM.exidx) refers to __rtentry4.o(.ARM.Collect$$rtentry$$00000004) for .ARM.Collect$$rtentry$$00000004
    argv_veneer.o(.emb_text) refers to no_argv.o(.text) for __ARM_get_argv
    dleqf.o(x$fpl$dleqf) refers (Special) to usenofp.o(x$fpl$usenofp) for __I$use$fp
    dleqf.o(x$fpl$dleqf) refers to dnaninf.o(x$fpl$dnaninf) for __fpl_dnaninf
    dleqf.o(x$fpl$dleqf) refers to dcmpi.o(x$fpl$dcmpinf) for __fpl_dcmp_Inf
    dretinf.o(x$fpl$dretinf) refers (Special) to usenofp.o(x$fpl$usenofp) for __I$use$fp
    sys_stackheap_outer.o(.text) refers to libspace.o(.text) for __user_perproc_libspace
    sys_stackheap_outer.o(.text) refers to startup_stm32l476xx.o(.text) for __user_initial_stackheap
    exit.o(.text) refers to rtexit.o(.ARM.Collect$$rtexit$$00000000) for __rt_exit
    _get_argv_nomalloc.o(.text) refers (Special) to hrguard.o(.text) for __heap_region$guard
    _get_argv_nomalloc.o(.text) refers to defsig_rtmem_outer.o(.text) for __rt_SIGRTMEM
    _get_argv_nomalloc.o(.text) refers to sys_command.o(.text) for _sys_command_string
    libinit.o(.ARM.Collect$$libinit$$00000000) refers (Special) to libinit2.o(.ARM.Collect$$libinit$$0000002E) for __rt_lib_init_alloca_1
    libinit.o(.ARM.Collect$$libinit$$00000000) refers (Special) to libinit2.o(.ARM.Collect$$libinit$$0000002C) for __rt_lib_init_argv_1
    libinit.o(.ARM.Collect$$libinit$$00000000) refers (Special) to libinit2.o(.ARM.Collect$$libinit$$0000001B) for __rt_lib_init_atexit_1
    libinit.o(.ARM.Collect$$libinit$$00000000) refers (Special) to libinit2.o(.ARM.Collect$$libinit$$00000021) for __rt_lib_init_clock_1
    libinit.o(.ARM.Collect$$libinit$$00000000) refers (Special) to libinit2.o(.ARM.Collect$$libinit$$00000032) for __rt_lib_init_cpp_1
    libinit.o(.ARM.Collect$$libinit$$00000000) refers (Special) to libinit2.o(.ARM.Collect$$libinit$$00000030) for __rt_lib_init_exceptions_1
    libinit.o(.ARM.Collect$$libinit$$00000000) refers (Special) to libinit2.o(.ARM.Collect$$libinit$$00000001) for __rt_lib_init_fp_1
    libinit.o(.ARM.Collect$$libinit$$00000000) refers (Special) to libinit2.o(.ARM.Collect$$libinit$$0000001F) for __rt_lib_init_fp_trap_1
    libinit.o(.ARM.Collect$$libinit$$00000000) refers (Special) to libinit2.o(.ARM.Collect$$libinit$$00000023) for __rt_lib_init_getenv_1
    libinit.o(.ARM.Collect$$libinit$$00000000) refers (Special) to libinit2.o(.ARM.Collect$$libinit$$0000000A) for __rt_lib_init_heap_1
    libinit.o(.ARM.Collect$$libinit$$00000000) refers (Special) to libinit2.o(.ARM.Collect$$libinit$$00000011) for __rt_lib_init_lc_collate_1
    libinit.o(.ARM.Collect$$libinit$$00000000) refers (Special) to libinit2.o(.ARM.Collect$$libinit$$00000013) for __rt_lib_init_lc_ctype_1
    libinit.o(.ARM.Collect$$libinit$$00000000) refers (Special) to libinit2.o(.ARM.Collect$$libinit$$00000015) for __rt_lib_init_lc_monetary_1
    libinit.o(.ARM.Collect$$libinit$$00000000) refers (Special) to libinit2.o(.ARM.Collect$$libinit$$00000017) for __rt_lib_init_lc_numeric_1
    libinit.o(.ARM.Collect$$libinit$$00000000) refers (Special) to libinit2.o(.ARM.Collect$$libinit$$00000019) for __rt_lib_init_lc_time_1
    libinit.o(.ARM.Collect$$libinit$$00000000) refers (Special) to libinit2.o(.ARM.Collect$$libinit$$00000004) for __rt_lib_init_preinit_1
    libinit.o(.ARM.Collect$$libinit$$00000000) refers (Special) to libinit2.o(.ARM.Collect$$libinit$$0000000E) for __rt_lib_init_rand_1
    libinit.o(.ARM.Collect$$libinit$$00000000) refers (Special) to libinit2.o(.ARM.Collect$$libinit$$00000033) for __rt_lib_init_return
    libinit.o(.ARM.Collect$$libinit$$00000000) refers (Special) to libinit2.o(.ARM.Collect$$libinit$$0000001D) for __rt_lib_init_signal_1
    libinit.o(.ARM.Collect$$libinit$$00000000) refers (Special) to libinit2.o(.ARM.Collect$$libinit$$00000025) for __rt_lib_init_stdio_1
    libinit.o(.ARM.Collect$$libinit$$00000000) refers (Special) to libinit2.o(.ARM.Collect$$libinit$$0000000C) for __rt_lib_init_user_alloc_1
    dcmpi.o(x$fpl$dcmpinf) refers (Special) to usenofp.o(x$fpl$usenofp) for __I$use$fp
    sys_command.o(.text) refers (Special) to use_no_semi.o(.text) for __I$use$semihosting
    sys_command.o(.text) refers (Special) to indicate_semi.o(.text) for __semihosting_library_function
    libspace.o(.text) refers to libspace.o(.bss) for __libspace_start
    rtexit.o(.ARM.Collect$$rtexit$$00000000) refers (Special) to rtexit2.o(.ARM.Collect$$rtexit$$00000004) for __rt_exit_exit
    rtexit.o(.ARM.Collect$$rtexit$$00000000) refers (Special) to rtexit2.o(.ARM.Collect$$rtexit$$00000003) for __rt_exit_ls
    rtexit.o(.ARM.Collect$$rtexit$$00000000) refers (Special) to rtexit2.o(.ARM.Collect$$rtexit$$00000002) for __rt_exit_prels_1
    rtexit.o(.ARM.exidx) refers (Special) to rtexit2.o(.ARM.Collect$$rtexit$$00000004) for __rt_exit_exit
    rtexit.o(.ARM.exidx) refers (Special) to rtexit2.o(.ARM.Collect$$rtexit$$00000003) for __rt_exit_ls
    rtexit.o(.ARM.exidx) refers (Special) to rtexit2.o(.ARM.Collect$$rtexit$$00000002) for __rt_exit_prels_1
    rtexit.o(.ARM.exidx) refers to rtexit.o(.ARM.Collect$$rtexit$$00000000) for .ARM.Collect$$rtexit$$00000000
    defsig_rtmem_outer.o(.text) refers to defsig_rtmem_inner.o(.text) for __rt_SIGRTMEM_inner
    defsig_rtmem_outer.o(.text) refers to defsig_exit.o(.text) for __sig_exit
    defsig_rtmem_formal.o(.text) refers to rt_raise.o(.text) for __rt_raise
    rtexit2.o(.ARM.Collect$$rtexit$$00000003) refers to libshutdown.o(.ARM.Collect$$libshutdown$$00000000) for __rt_lib_shutdown
    rtexit2.o(.ARM.Collect$$rtexit$$00000004) refers to sys_exit.o(.text) for _sys_exit
    rtexit2.o(.ARM.exidx) refers to rtexit2.o(.ARM.Collect$$rtexit$$00000001) for .ARM.Collect$$rtexit$$00000001
    rtexit2.o(.ARM.exidx) refers to rtexit2.o(.ARM.Collect$$rtexit$$00000003) for .ARM.Collect$$rtexit$$00000003
    rtexit2.o(.ARM.exidx) refers to rtexit2.o(.ARM.Collect$$rtexit$$00000004) for .ARM.Collect$$rtexit$$00000004
    rt_raise.o(.text) refers to __raise.o(.text) for __raise
    rt_raise.o(.text) refers to sys_exit.o(.text) for _sys_exit
    defsig_exit.o(.text) refers to sys_exit.o(.text) for _sys_exit
    defsig_rtmem_inner.o(.text) refers to defsig_general.o(.text) for __default_signal_display
    sys_exit.o(.text) refers (Special) to use_no_semi.o(.text) for __I$use$semihosting
    sys_exit.o(.text) refers (Special) to indicate_semi.o(.text) for __semihosting_library_function
    __raise.o(.text) refers to defsig.o(CL$$defsig) for __default_signal_handler
    defsig_general.o(.text) refers to sys_wrch.o(.text) for _ttywrch
    libshutdown.o(.ARM.Collect$$libshutdown$$00000000) refers (Special) to libshutdown2.o(.ARM.Collect$$libshutdown$$00000004) for __rt_lib_shutdown_cpp_1
    libshutdown.o(.ARM.Collect$$libshutdown$$00000000) refers (Special) to libshutdown2.o(.ARM.Collect$$libshutdown$$00000002) for __rt_lib_shutdown_fini_1
    libshutdown.o(.ARM.Collect$$libshutdown$$00000000) refers (Special) to libshutdown2.o(.ARM.Collect$$libshutdown$$00000009) for __rt_lib_shutdown_fp_trap_1
    libshutdown.o(.ARM.Collect$$libshutdown$$00000000) refers (Special) to libshutdown2.o(.ARM.Collect$$libshutdown$$00000011) for __rt_lib_shutdown_heap_1
    libshutdown.o(.ARM.Collect$$libshutdown$$00000000) refers (Special) to libshutdown2.o(.ARM.Collect$$libshutdown$$00000012) for __rt_lib_shutdown_return
    libshutdown.o(.ARM.Collect$$libshutdown$$00000000) refers (Special) to libshutdown2.o(.ARM.Collect$$libshutdown$$0000000C) for __rt_lib_shutdown_signal_1
    libshutdown.o(.ARM.Collect$$libshutdown$$00000000) refers (Special) to libshutdown2.o(.ARM.Collect$$libshutdown$$00000006) for __rt_lib_shutdown_stdio_1
    libshutdown.o(.ARM.Collect$$libshutdown$$00000000) refers (Special) to libshutdown2.o(.ARM.Collect$$libshutdown$$0000000E) for __rt_lib_shutdown_user_alloc_1
    sys_wrch.o(.text) refers (Special) to use_no_semi.o(.text) for __I$use$semihosting
    sys_wrch.o(.text) refers (Special) to indicate_semi.o(.text) for __semihosting_library_function
    defsig.o(CL$$defsig) refers to defsig_rtmem_inner.o(.text) for __rt_SIGRTMEM_inner
    defsig_abrt_inner.o(.text) refers to defsig_general.o(.text) for __default_signal_display
    defsig_fpe_inner.o(.text) refers to defsig_general.o(.text) for __default_signal_display
    defsig_rtred_inner.o(.text) refers to defsig_general.o(.text) for __default_signal_display
    defsig_stak_inner.o(.text) refers to defsig_general.o(.text) for __default_signal_display
    defsig_pvfn_inner.o(.text) refers to defsig_general.o(.text) for __default_signal_display
    defsig_cppl_inner.o(.text) refers to defsig_general.o(.text) for __default_signal_display
    defsig_segv_inner.o(.text) refers to defsig_general.o(.text) for __default_signal_display
    defsig_other.o(.text) refers to defsig_general.o(.text) for __default_signal_display


==============================================================================

Removing Unused input sections from the image.

    Removing gpio.o(.rev16_text), (4 bytes).
    Removing gpio.o(.revsh_text), (4 bytes).
    Removing gpio.o(.rrx_text), (6 bytes).
    Removing main.o(.rev16_text), (4 bytes).
    Removing main.o(.revsh_text), (4 bytes).
    Removing main.o(.rrx_text), (6 bytes).
    Removing main.o(i.DrawCircles), (194 bytes).
    Removing sspi.o(.rev16_text), (4 bytes).
    Removing sspi.o(.revsh_text), (4 bytes).
    Removing sspi.o(.rrx_text), (6 bytes).
    Removing sspi.o(i.sspi_cmd), (40 bytes).
    Removing sspi.o(i.sspi_w), (72 bytes).
    Removing lcd_draw.o(.rev16_text), (4 bytes).
    Removing lcd_draw.o(.revsh_text), (4 bytes).
    Removing lcd_draw.o(.rrx_text), (6 bytes).
    Removing sysclock.o(.rev16_text), (4 bytes).
    Removing sysclock.o(.revsh_text), (4 bytes).
    Removing sysclock.o(.rrx_text), (6 bytes).
    Removing systimer.o(.rev16_text), (4 bytes).
    Removing systimer.o(.revsh_text), (4 bytes).
    Removing systimer.o(.rrx_text), (6 bytes).
    Removing util.o(.rev16_text), (4 bytes).
    Removing util.o(.revsh_text), (4 bytes).
    Removing util.o(.rrx_text), (6 bytes).
    Removing util.o(i.ili9341_sspi_init), (532 bytes).
    Removing game.o(.rev16_text), (4 bytes).
    Removing game.o(.revsh_text), (4 bytes).
    Removing game.o(.rrx_text), (6 bytes).
    Removing i2c.o(.rev16_text), (4 bytes).
    Removing i2c.o(.revsh_text), (4 bytes).
    Removing i2c.o(.rrx_text), (6 bytes).

31 unused section(s) (total 964 bytes) removed from the image.

==============================================================================

Image Symbol Table

    Local Symbols

    Symbol Name                              Value     Ov Type        Size  Object(Section)

    ../clib/angel/boardlib.s                 0x00000000   Number         0  boardinit1.o ABSOLUTE
    ../clib/angel/boardlib.s                 0x00000000   Number         0  boardshut.o ABSOLUTE
    ../clib/angel/boardlib.s                 0x00000000   Number         0  boardinit3.o ABSOLUTE
    ../clib/angel/boardlib.s                 0x00000000   Number         0  boardinit2.o ABSOLUTE
    ../clib/angel/dczerorl2.s                0x00000000   Number         0  __dczerorl2.o ABSOLUTE
    ../clib/angel/handlers.s                 0x00000000   Number         0  __scatter_zi.o ABSOLUTE
    ../clib/angel/kernel.s                   0x00000000   Number         0  rtexit2.o ABSOLUTE
    ../clib/angel/kernel.s                   0x00000000   Number         0  __rtentry4.o ABSOLUTE
    ../clib/angel/kernel.s                   0x00000000   Number         0  __rtentry.o ABSOLUTE
    ../clib/angel/kernel.s                   0x00000000   Number         0  rtexit.o ABSOLUTE
    ../clib/angel/kernel.s                   0x00000000   Number         0  __rtentry2.o ABSOLUTE
    ../clib/angel/rt.s                       0x00000000   Number         0  rt_raise.o ABSOLUTE
    ../clib/angel/scatter.s                  0x00000000   Number         0  __scatter.o ABSOLUTE
    ../clib/angel/startup.s                  0x00000000   Number         0  __main.o ABSOLUTE
    ../clib/angel/sys.s                      0x00000000   Number         0  indicate_semi.o ABSOLUTE
    ../clib/angel/sys.s                      0x00000000   Number         0  use_no_semi.o ABSOLUTE
    ../clib/angel/sys.s                      0x00000000   Number         0  sys_stackheap_outer.o ABSOLUTE
    ../clib/angel/sys.s                      0x00000000   Number         0  libspace.o ABSOLUTE
    ../clib/angel/sysapp.c                   0x00000000   Number         0  sys_command.o ABSOLUTE
    ../clib/angel/sysapp.c                   0x00000000   Number         0  sys_exit.o ABSOLUTE
    ../clib/angel/sysapp.c                   0x00000000   Number         0  sys_wrch.o ABSOLUTE
    ../clib/armsys.c                         0x00000000   Number         0  argv_veneer.o ABSOLUTE
    ../clib/armsys.c                         0x00000000   Number         0  argv_veneer.o ABSOLUTE
    ../clib/armsys.c                         0x00000000   Number         0  no_argv.o ABSOLUTE
    ../clib/armsys.c                         0x00000000   Number         0  _get_argv_nomalloc.o ABSOLUTE
    ../clib/heapalloc.c                      0x00000000   Number         0  hrguard.o ABSOLUTE
    ../clib/heapaux.c                        0x00000000   Number         0  heapauxi.o ABSOLUTE
    ../clib/libinit.s                        0x00000000   Number         0  libshutdown2.o ABSOLUTE
    ../clib/libinit.s                        0x00000000   Number         0  libshutdown.o ABSOLUTE
    ../clib/libinit.s                        0x00000000   Number         0  libinit.o ABSOLUTE
    ../clib/libinit.s                        0x00000000   Number         0  libinit2.o ABSOLUTE
    ../clib/signal.c                         0x00000000   Number         0  defsig_abrt_inner.o ABSOLUTE
    ../clib/signal.c                         0x00000000   Number         0  __raise.o ABSOLUTE
    ../clib/signal.c                         0x00000000   Number         0  defsig_rtmem_inner.o ABSOLUTE
    ../clib/signal.c                         0x00000000   Number         0  defsig_rtmem_formal.o ABSOLUTE
    ../clib/signal.c                         0x00000000   Number         0  defsig_rtmem_outer.o ABSOLUTE
    ../clib/signal.c                         0x00000000   Number         0  defsig_exit.o ABSOLUTE
    ../clib/signal.c                         0x00000000   Number         0  defsig_general.o ABSOLUTE
    ../clib/signal.c                         0x00000000   Number         0  defsig_other.o ABSOLUTE
    ../clib/signal.c                         0x00000000   Number         0  defsig_segv_inner.o ABSOLUTE
    ../clib/signal.c                         0x00000000   Number         0  defsig_cppl_inner.o ABSOLUTE
    ../clib/signal.c                         0x00000000   Number         0  defsig_pvfn_inner.o ABSOLUTE
    ../clib/signal.c                         0x00000000   Number         0  defsig_stak_inner.o ABSOLUTE
    ../clib/signal.c                         0x00000000   Number         0  defsig_rtred_inner.o ABSOLUTE
    ../clib/signal.c                         0x00000000   Number         0  defsig_fpe_inner.o ABSOLUTE
    ../clib/signal.s                         0x00000000   Number         0  defsig.o ABSOLUTE
    ../clib/stdlib.c                         0x00000000   Number         0  rand.o ABSOLUTE
    ../clib/stdlib.c                         0x00000000   Number         0  exit.o ABSOLUTE
    ../clib/stdlib.c                         0x00000000   Number         0  rand.o ABSOLUTE
    ../fplib/daddsub.s                       0x00000000   Number         0  daddsub_clz.o ABSOLUTE
    ../fplib/dcmpi.s                         0x00000000   Number         0  dcmpi.o ABSOLUTE
    ../fplib/dfix.s                          0x00000000   Number         0  dfix.o ABSOLUTE
    ../fplib/dflt.s                          0x00000000   Number         0  dflt_clz.o ABSOLUTE
    ../fplib/dleqf.s                         0x00000000   Number         0  dleqf.o ABSOLUTE
    ../fplib/dnaninf.s                       0x00000000   Number         0  dnaninf.o ABSOLUTE
    ../fplib/dretinf.s                       0x00000000   Number         0  dretinf.o ABSOLUTE
    ../fplib/drleqf.s                        0x00000000   Number         0  drleqf.o ABSOLUTE
    ../fplib/fpinit.s                        0x00000000   Number         0  fpinit.o ABSOLUTE
    ../fplib/usenofp.s                       0x00000000   Number         0  usenofp.o ABSOLUTE
    ../mathlib/floor.c                       0x00000000   Number         0  floor.o ABSOLUTE
    FinalProject\GPIO.c                      0x00000000   Number         0  gpio.o ABSOLUTE
    FinalProject\I2C.c                       0x00000000   Number         0  i2c.o ABSOLUTE
    FinalProject\LCD_Draw.c                  0x00000000   Number         0  lcd_draw.o ABSOLUTE
    FinalProject\SSPI.c                      0x00000000   Number         0  sspi.o ABSOLUTE
    FinalProject\SysClock.c                  0x00000000   Number         0  sysclock.o ABSOLUTE
    FinalProject\SysTimer.c                  0x00000000   Number         0  systimer.o ABSOLUTE
    FinalProject\UTIL.c                      0x00000000   Number         0  util.o ABSOLUTE
    FinalProject\\GPIO.c                     0x00000000   Number         0  gpio.o ABSOLUTE
    FinalProject\\I2C.c                      0x00000000   Number         0  i2c.o ABSOLUTE
    FinalProject\\LCD_Draw.c                 0x00000000   Number         0  lcd_draw.o ABSOLUTE
    FinalProject\\SSPI.c                     0x00000000   Number         0  sspi.o ABSOLUTE
    FinalProject\\SysClock.c                 0x00000000   Number         0  sysclock.o ABSOLUTE
    FinalProject\\SysTimer.c                 0x00000000   Number         0  systimer.o ABSOLUTE
    FinalProject\\UTIL.c                     0x00000000   Number         0  util.o ABSOLUTE
    FinalProject\\game.c                     0x00000000   Number         0  game.o ABSOLUTE
    FinalProject\\main.c                     0x00000000   Number         0  main.o ABSOLUTE
    FinalProject\game.c                      0x00000000   Number         0  game.o ABSOLUTE
    FinalProject\main.c                      0x00000000   Number         0  main.o ABSOLUTE
    FinalProject\startup_stm32l476xx.s       0x00000000   Number         0  startup_stm32l476xx.o ABSOLUTE
    dc.s                                     0x00000000   Number         0  dc.o ABSOLUTE
    RESET                                    0x08000000   Section      392  startup_stm32l476xx.o(RESET)
    !!!main                                  0x08000188   Section        8  __main.o(!!!main)
    !!!scatter                               0x08000190   Section       52  __scatter.o(!!!scatter)
    !!dczerorl2                              0x080001c4   Section       90  __dczerorl2.o(!!dczerorl2)
    !!handler_zi                             0x08000220   Section       28  __scatter_zi.o(!!handler_zi)
    .ARM.Collect$$libinit$$00000000          0x0800023c   Section        2  libinit.o(.ARM.Collect$$libinit$$00000000)
    .ARM.Collect$$libinit$$00000001          0x0800023e   Section        4  libinit2.o(.ARM.Collect$$libinit$$00000001)
    .ARM.Collect$$libinit$$00000004          0x08000242   Section        0  libinit2.o(.ARM.Collect$$libinit$$00000004)
    .ARM.Collect$$libinit$$0000000A          0x08000242   Section        0  libinit2.o(.ARM.Collect$$libinit$$0000000A)
    .ARM.Collect$$libinit$$0000000C          0x08000242   Section        0  libinit2.o(.ARM.Collect$$libinit$$0000000C)
    .ARM.Collect$$libinit$$0000000D          0x08000242   Section        4  libinit2.o(.ARM.Collect$$libinit$$0000000D)
    .ARM.Collect$$libinit$$0000000E          0x08000246   Section        0  libinit2.o(.ARM.Collect$$libinit$$0000000E)
    .ARM.Collect$$libinit$$00000011          0x08000246   Section        0  libinit2.o(.ARM.Collect$$libinit$$00000011)
    .ARM.Collect$$libinit$$00000013          0x08000246   Section        0  libinit2.o(.ARM.Collect$$libinit$$00000013)
    .ARM.Collect$$libinit$$00000015          0x08000246   Section        0  libinit2.o(.ARM.Collect$$libinit$$00000015)
    .ARM.Collect$$libinit$$00000017          0x08000246   Section        0  libinit2.o(.ARM.Collect$$libinit$$00000017)
    .ARM.Collect$$libinit$$00000019          0x08000246   Section        0  libinit2.o(.ARM.Collect$$libinit$$00000019)
    .ARM.Collect$$libinit$$0000001B          0x08000246   Section        0  libinit2.o(.ARM.Collect$$libinit$$0000001B)
    .ARM.Collect$$libinit$$0000001D          0x08000246   Section        0  libinit2.o(.ARM.Collect$$libinit$$0000001D)
    .ARM.Collect$$libinit$$0000001F          0x08000246   Section        0  libinit2.o(.ARM.Collect$$libinit$$0000001F)
    .ARM.Collect$$libinit$$00000021          0x08000246   Section        0  libinit2.o(.ARM.Collect$$libinit$$00000021)
    .ARM.Collect$$libinit$$00000023          0x08000246   Section        0  libinit2.o(.ARM.Collect$$libinit$$00000023)
    .ARM.Collect$$libinit$$00000025          0x08000246   Section        0  libinit2.o(.ARM.Collect$$libinit$$00000025)
    .ARM.Collect$$libinit$$0000002C          0x08000246   Section        0  libinit2.o(.ARM.Collect$$libinit$$0000002C)
    .ARM.Collect$$libinit$$0000002E          0x08000246   Section        0  libinit2.o(.ARM.Collect$$libinit$$0000002E)
    .ARM.Collect$$libinit$$00000030          0x08000246   Section        0  libinit2.o(.ARM.Collect$$libinit$$00000030)
    .ARM.Collect$$libinit$$00000032          0x08000246   Section        0  libinit2.o(.ARM.Collect$$libinit$$00000032)
    .ARM.Collect$$libinit$$00000033          0x08000246   Section        2  libinit2.o(.ARM.Collect$$libinit$$00000033)
    .ARM.Collect$$libshutdown$$00000000      0x08000248   Section        2  libshutdown.o(.ARM.Collect$$libshutdown$$00000000)
    .ARM.Collect$$libshutdown$$00000002      0x0800024a   Section        0  libshutdown2.o(.ARM.Collect$$libshutdown$$00000002)
    .ARM.Collect$$libshutdown$$00000004      0x0800024a   Section        0  libshutdown2.o(.ARM.Collect$$libshutdown$$00000004)
    .ARM.Collect$$libshutdown$$00000006      0x0800024a   Section        0  libshutdown2.o(.ARM.Collect$$libshutdown$$00000006)
    .ARM.Collect$$libshutdown$$00000009      0x0800024a   Section        0  libshutdown2.o(.ARM.Collect$$libshutdown$$00000009)
    .ARM.Collect$$libshutdown$$0000000C      0x0800024a   Section        0  libshutdown2.o(.ARM.Collect$$libshutdown$$0000000C)
    .ARM.Collect$$libshutdown$$0000000E      0x0800024a   Section        0  libshutdown2.o(.ARM.Collect$$libshutdown$$0000000E)
    .ARM.Collect$$libshutdown$$00000011      0x0800024a   Section        0  libshutdown2.o(.ARM.Collect$$libshutdown$$00000011)
    .ARM.Collect$$libshutdown$$00000012      0x0800024a   Section        2  libshutdown2.o(.ARM.Collect$$libshutdown$$00000012)
    .ARM.Collect$$rtentry$$00000000          0x0800024c   Section        0  __rtentry.o(.ARM.Collect$$rtentry$$00000000)
    .ARM.Collect$$rtentry$$00000002          0x0800024c   Section        0  __rtentry2.o(.ARM.Collect$$rtentry$$00000002)
    .ARM.Collect$$rtentry$$00000004          0x0800024c   Section        6  __rtentry4.o(.ARM.Collect$$rtentry$$00000004)
    .ARM.Collect$$rtentry$$00000009          0x08000252   Section        0  __rtentry2.o(.ARM.Collect$$rtentry$$00000009)
    .ARM.Collect$$rtentry$$0000000A          0x08000252   Section        4  __rtentry2.o(.ARM.Collect$$rtentry$$0000000A)
    .ARM.Collect$$rtentry$$0000000C          0x08000256   Section        0  __rtentry2.o(.ARM.Collect$$rtentry$$0000000C)
    .ARM.Collect$$rtentry$$0000000D          0x08000256   Section        8  __rtentry2.o(.ARM.Collect$$rtentry$$0000000D)
    .ARM.Collect$$rtexit$$00000000           0x0800025e   Section        2  rtexit.o(.ARM.Collect$$rtexit$$00000000)
    .ARM.Collect$$rtexit$$00000002           0x08000260   Section        0  rtexit2.o(.ARM.Collect$$rtexit$$00000002)
    .ARM.Collect$$rtexit$$00000003           0x08000260   Section        4  rtexit2.o(.ARM.Collect$$rtexit$$00000003)
    .ARM.Collect$$rtexit$$00000004           0x08000264   Section        6  rtexit2.o(.ARM.Collect$$rtexit$$00000004)
    .emb_text                                0x0800026c   Section       52  rand.o(.emb_text)
    .text                                    0x080002a0   Section      132  startup_stm32l476xx.o(.text)
    $v0                                      0x080002a0   Number         0  startup_stm32l476xx.o(.text)
    .text                                    0x08000324   Section        0  rand.o(.text)
    .text                                    0x08000360   Section        0  heapauxi.o(.text)
    .text                                    0x08000366   Section       74  sys_stackheap_outer.o(.text)
    .text                                    0x080003b0   Section        0  exit.o(.text)
    .text                                    0x080003c4   Section        8  libspace.o(.text)
    .text                                    0x080003cc   Section        2  use_no_semi.o(.text)
    .text                                    0x080003ce   Section        0  indicate_semi.o(.text)
    .text                                    0x080003d0   Section        0  sys_exit.o(.text)
    i.BoxCheck                               0x080003dc   Section        0  game.o(i.BoxCheck)
    i.BridgePointer                          0x08000be0   Section        0  game.o(i.BridgePointer)
    i.BridgePointerClear                     0x08000c68   Section        0  game.o(i.BridgePointerClear)
    i.DrawDot                                0x08000e34   Section        0  game.o(i.DrawDot)
    i.DrawResource                           0x08000ec0   Section        0  main.o(i.DrawResource)
    i.DrawWhiteBorder                        0x08001334   Section        0  main.o(i.DrawWhiteBorder)
    i.GPIO_Init                              0x08001458   Section        0  gpio.o(i.GPIO_Init)
    i.GatherResource                         0x08001594   Section        0  game.o(i.GatherResource)
    i.I2C_GPIO_Init                          0x080016e4   Section        0  i2c.o(i.I2C_GPIO_Init)
    i.I2C_Initialization                     0x080017b0   Section        0  i2c.o(i.I2C_Initialization)
    i.I2C_ReceiveData                        0x080018cc   Section        0  i2c.o(i.I2C_ReceiveData)
    i.I2C_SendData                           0x08001928   Section        0  i2c.o(i.I2C_SendData)
    i.I2C_Start                              0x080019a4   Section        0  i2c.o(i.I2C_Start)
    i.I2C_Stop                               0x080019e0   Section        0  i2c.o(i.I2C_Stop)
    i.I2C_WaitLineIdle                       0x080019f6   Section        0  i2c.o(i.I2C_WaitLineIdle)
    i.ILI9341_Enable                         0x08001a06   Section        0  sspi.o(i.ILI9341_Enable)
    i.ILI9341_RESET                          0x08001a18   Section        0  sspi.o(i.ILI9341_RESET)
    i.JoystickHandler                        0x08001a68   Section        0  game.o(i.JoystickHandler)
    i.LCD_Circle                             0x08002588   Section        0  lcd_draw.o(i.LCD_Circle)
    i.LCD_DrawNumTitle                       0x080025ec   Section        0  lcd_draw.o(i.LCD_DrawNumTitle)
    i.LCD_FillRect                           0x0800343c   Section        0  lcd_draw.o(i.LCD_FillRect)
    i.LCD_HLine                              0x0800347c   Section        0  lcd_draw.o(i.LCD_HLine)
    i.LCD_Rect                               0x080034b0   Section        0  lcd_draw.o(i.LCD_Rect)
    i.LCD_Screen                             0x08003550   Section        0  lcd_draw.o(i.LCD_Screen)
    i.LCD_VLine                              0x08003570   Section        0  lcd_draw.o(i.LCD_VLine)
    i.MENU                                   0x080035a8   Section        0  main.o(i.MENU)
    i.NodePointer                            0x08003888   Section        0  game.o(i.NodePointer)
    i.NodePointerClear                       0x080038d8   Section        0  game.o(i.NodePointerClear)
    i.PurchaseBridge                         0x08003a0c   Section        0  game.o(i.PurchaseBridge)
    i.PurchaseNode                           0x08003cac   Section        0  game.o(i.PurchaseNode)
    i.Refresh                                0x08003e84   Section        0  lcd_draw.o(i.Refresh)
    i.RefreshBridgePoint                     0x08003ea0   Section        0  game.o(i.RefreshBridgePoint)
    i.RefreshResourceBoard                   0x08003f20   Section        0  game.o(i.RefreshResourceBoard)
    i.ResourceBoard                          0x08004434   Section        0  main.o(i.ResourceBoard)
    i.SPI_Init                               0x0800457c   Section        0  gpio.o(i.SPI_Init)
    i.ScoreBoard                             0x080045f0   Section        0  main.o(i.ScoreBoard)
    i.ScoreHandler                           0x0800482c   Section        0  game.o(i.ScoreHandler)
    i.SysTick_Handler                        0x08004ac4   Section        0  systimer.o(i.SysTick_Handler)
    i.SysTick_Init                           0x08004b44   Section        0  systimer.o(i.SysTick_Init)
    i.System_Clock_Init                      0x08004bd0   Section        0  sysclock.o(i.System_Clock_Init)
    i.TurnIndicator                          0x08004d54   Section        0  game.o(i.TurnIndicator)
    i.__hardfp_floor                         0x08004dd0   Section        0  floor.o(i.__hardfp_floor)
    i.delay                                  0x08004ee8   Section        0  systimer.o(i.delay)
    i.hspi_cmd                               0x08004f04   Section        0  sspi.o(i.hspi_cmd)
    i.hspi_w16                               0x08004f4c   Section        0  sspi.o(i.hspi_w16)
    i.hspi_w8                                0x08004f60   Section        0  sspi.o(i.hspi_w8)
    i.hspimod_w16                            0x08004f78   Section        0  sspi.o(i.hspimod_w16)
    i.ili9341_hspi_init                      0x08004f94   Section        0  util.o(i.ili9341_hspi_init)
    i.initialize_arrays                      0x080051b0   Section        0  game.o(i.initialize_arrays)
    i.main                                   0x080052c4   Section        0  main.o(i.main)
    i.shuffle                                0x080055fc   Section        0  main.o(i.shuffle)
    x$fpl$dadd                               0x08005648   Section      336  daddsub_clz.o(x$fpl$dadd)
    $v0                                      0x08005648   Number         0  daddsub_clz.o(x$fpl$dadd)
    _dadd1                                   0x08005659   Thumb Code     0  daddsub_clz.o(x$fpl$dadd)
    x$fpl$dcmpinf                            0x08005798   Section       24  dcmpi.o(x$fpl$dcmpinf)
    $v0                                      0x08005798   Number         0  dcmpi.o(x$fpl$dcmpinf)
    x$fpl$dfix                               0x080057b0   Section       94  dfix.o(x$fpl$dfix)
    $v0                                      0x080057b0   Number         0  dfix.o(x$fpl$dfix)
    x$fpl$dflt                               0x0800580e   Section       46  dflt_clz.o(x$fpl$dflt)
    $v0                                      0x0800580e   Number         0  dflt_clz.o(x$fpl$dflt)
    x$fpl$dleqf                              0x0800583c   Section      120  dleqf.o(x$fpl$dleqf)
    $v0                                      0x0800583c   Number         0  dleqf.o(x$fpl$dleqf)
    x$fpl$dnaninf                            0x080058b4   Section      156  dnaninf.o(x$fpl$dnaninf)
    $v0                                      0x080058b4   Number         0  dnaninf.o(x$fpl$dnaninf)
    x$fpl$dretinf                            0x08005950   Section       12  dretinf.o(x$fpl$dretinf)
    $v0                                      0x08005950   Number         0  dretinf.o(x$fpl$dretinf)
    x$fpl$drleqf                             0x0800595c   Section      108  drleqf.o(x$fpl$drleqf)
    $v0                                      0x0800595c   Number         0  drleqf.o(x$fpl$drleqf)
    x$fpl$drsb                               0x080059c8   Section       22  daddsub_clz.o(x$fpl$drsb)
    $v0                                      0x080059c8   Number         0  daddsub_clz.o(x$fpl$drsb)
    x$fpl$dsub                               0x080059e0   Section      468  daddsub_clz.o(x$fpl$dsub)
    $v0                                      0x080059e0   Number         0  daddsub_clz.o(x$fpl$dsub)
    _dsub1                                   0x080059f1   Thumb Code     0  daddsub_clz.o(x$fpl$dsub)
    x$fpl$fpinit                             0x08005bb4   Section       10  fpinit.o(x$fpl$fpinit)
    $v0                                      0x08005bb4   Number         0  fpinit.o(x$fpl$fpinit)
    x$fpl$usenofp                            0x08005bbe   Section        0  usenofp.o(x$fpl$usenofp)
    .constdata                               0x08005bc0   Section       48  main.o(.constdata)
    .data                                    0x20000000   Section       34  main.o(.data)
    .data                                    0x20000022   Section      512  sspi.o(.data)
    .data                                    0x20000224   Section        8  systimer.o(.data)
    .data                                    0x2000022c   Section     1532  game.o(.data)
    .bss                                     0x20000828   Section    76800  lcd_draw.o(.bss)
    .bss                                     0x20013428   Section     1244  game.o(.bss)
    .bss                                     0x20013904   Section      228  rand.o(.bss)
    .bss                                     0x200139e8   Section       96  libspace.o(.bss)
    HEAP                                     0x20013a48   Section      512  startup_stm32l476xx.o(HEAP)
    Heap_Mem                                 0x20013a48   Data         512  startup_stm32l476xx.o(HEAP)
    STACK                                    0x20013c48   Section     1024  startup_stm32l476xx.o(STACK)
    Stack_Mem                                0x20013c48   Data        1024  startup_stm32l476xx.o(STACK)
    __initial_sp                             0x20014048   Data           0  startup_stm32l476xx.o(STACK)

    Global Symbols

    Symbol Name                              Value     Ov Type        Size  Object(Section)

    BuildAttributes$$THM_ISAv4$E$P$D$K$B$S$7EM$VFPi3$EXTD16$VFPS$VFMA$PE$A:L22UL41UL21$X:L11$S22US41US21$IEEE1$IW$USESV6$~STKCKD$USESV7$~SHL$OTIME$ROPI$IEEEJ$EBA8$UX$STANDARDLIB$REQ8$PRES8$EABIv2 0x00000000   Number         0  anon$$obj.o ABSOLUTE
    Image$$ER_IROM1$$RW$$Length              0x00000000   Number         0  anon$$obj.o ABSOLUTE
    Image$$ER_IROM1$$ZI$$Length              0x00000000   Number         0  anon$$obj.o ABSOLUTE
    Image$$RW_IRAM1$$RO$$Length              0x00000000   Number         0  anon$$obj.o ABSOLUTE
    __ARM_use_no_argv                        0x00000000   Number         0  main.o ABSOLUTE
    __ARM_exceptions_init                     - Undefined Weak Reference
    __alloca_initialize                       - Undefined Weak Reference
    __arm_fini_                               - Undefined Weak Reference
    __arm_preinit_                            - Undefined Weak Reference
    __cpp_initialize__aeabi_                  - Undefined Weak Reference
    __cxa_finalize                            - Undefined Weak Reference
    __rt_locale                               - Undefined Weak Reference
    __sigvec_lookup                           - Undefined Weak Reference
    _atexit_init                              - Undefined Weak Reference
    _call_atexit_fns                          - Undefined Weak Reference
    _clock_init                               - Undefined Weak Reference
    _fp_trap_init                             - Undefined Weak Reference
    _fp_trap_shutdown                         - Undefined Weak Reference
    _get_lc_collate                           - Undefined Weak Reference
    _get_lc_ctype                             - Undefined Weak Reference
    _get_lc_monetary                          - Undefined Weak Reference
    _get_lc_numeric                           - Undefined Weak Reference
    _get_lc_time                              - Undefined Weak Reference
    _getenv_init                              - Undefined Weak Reference
    _handle_redirection                       - Undefined Weak Reference
    _init_alloc                               - Undefined Weak Reference
    _init_user_alloc                          - Undefined Weak Reference
    _initio                                   - Undefined Weak Reference
    _signal_finish                            - Undefined Weak Reference
    _signal_init                              - Undefined Weak Reference
    _terminate_alloc                          - Undefined Weak Reference
    _terminate_user_alloc                     - Undefined Weak Reference
    _terminateio                              - Undefined Weak Reference
    __Vectors_Size                           0x00000188   Number         0  startup_stm32l476xx.o ABSOLUTE
    Image$$RW_IRAM1$$Length                  0x00000828   Number         0  anon$$obj.o ABSOLUTE
    Image$$RW_IRAM1$$RW$$Length              0x00000828   Number         0  anon$$obj.o ABSOLUTE
    Image$$ER_IROM1$$RO$$Length              0x00005c10   Number         0  anon$$obj.o ABSOLUTE
    Image$$RW_IRAM1$$ZI$$Length              0x00013820   Number         0  anon$$obj.o ABSOLUTE
    Image$$ER_IROM1$$RO$$Base                0x08000000   Number         0  anon$$obj.o ABSOLUTE
    Load$$ER_IROM1$$Base                     0x08000000   Number         0  anon$$obj.o ABSOLUTE
    __Vectors                                0x08000000   Data           4  startup_stm32l476xx.o(RESET)
    __Vectors_End                            0x08000188   Data           0  startup_stm32l476xx.o(RESET)
    __main                                   0x08000189   Thumb Code     8  __main.o(!!!main)
    __scatterload                            0x08000191   Thumb Code     0  __scatter.o(!!!scatter)
    __scatterload_rt2                        0x08000191   Thumb Code    44  __scatter.o(!!!scatter)
    __scatterload_rt2_thumb_only             0x08000191   Thumb Code     0  __scatter.o(!!!scatter)
    __scatterload_null                       0x0800019f   Thumb Code     0  __scatter.o(!!!scatter)
    __decompress                             0x080001c5   Thumb Code    90  __dczerorl2.o(!!dczerorl2)
    __decompress1                            0x080001c5   Thumb Code     0  __dczerorl2.o(!!dczerorl2)
    __scatterload_zeroinit                   0x08000221   Thumb Code    28  __scatter_zi.o(!!handler_zi)
    __rt_lib_init                            0x0800023d   Thumb Code     0  libinit.o(.ARM.Collect$$libinit$$00000000)
    __rt_lib_init_fp_1                       0x0800023f   Thumb Code     0  libinit2.o(.ARM.Collect$$libinit$$00000001)
    __rt_lib_init_heap_1                     0x08000243   Thumb Code     0  libinit2.o(.ARM.Collect$$libinit$$0000000A)
    __rt_lib_init_preinit_1                  0x08000243   Thumb Code     0  libinit2.o(.ARM.Collect$$libinit$$00000004)
    __rt_lib_init_rand_2                     0x08000243   Thumb Code     0  libinit2.o(.ARM.Collect$$libinit$$0000000D)
    __rt_lib_init_user_alloc_1               0x08000243   Thumb Code     0  libinit2.o(.ARM.Collect$$libinit$$0000000C)
    __rt_lib_init_alloca_1                   0x08000247   Thumb Code     0  libinit2.o(.ARM.Collect$$libinit$$0000002E)
    __rt_lib_init_argv_1                     0x08000247   Thumb Code     0  libinit2.o(.ARM.Collect$$libinit$$0000002C)
    __rt_lib_init_atexit_1                   0x08000247   Thumb Code     0  libinit2.o(.ARM.Collect$$libinit$$0000001B)
    __rt_lib_init_clock_1                    0x08000247   Thumb Code     0  libinit2.o(.ARM.Collect$$libinit$$00000021)
    __rt_lib_init_cpp_1                      0x08000247   Thumb Code     0  libinit2.o(.ARM.Collect$$libinit$$00000032)
    __rt_lib_init_exceptions_1               0x08000247   Thumb Code     0  libinit2.o(.ARM.Collect$$libinit$$00000030)
    __rt_lib_init_fp_trap_1                  0x08000247   Thumb Code     0  libinit2.o(.ARM.Collect$$libinit$$0000001F)
    __rt_lib_init_getenv_1                   0x08000247   Thumb Code     0  libinit2.o(.ARM.Collect$$libinit$$00000023)
    __rt_lib_init_lc_collate_1               0x08000247   Thumb Code     0  libinit2.o(.ARM.Collect$$libinit$$00000011)
    __rt_lib_init_lc_ctype_1                 0x08000247   Thumb Code     0  libinit2.o(.ARM.Collect$$libinit$$00000013)
    __rt_lib_init_lc_monetary_1              0x08000247   Thumb Code     0  libinit2.o(.ARM.Collect$$libinit$$00000015)
    __rt_lib_init_lc_numeric_1               0x08000247   Thumb Code     0  libinit2.o(.ARM.Collect$$libinit$$00000017)
    __rt_lib_init_lc_time_1                  0x08000247   Thumb Code     0  libinit2.o(.ARM.Collect$$libinit$$00000019)
    __rt_lib_init_rand_1                     0x08000247   Thumb Code     0  libinit2.o(.ARM.Collect$$libinit$$0000000E)
    __rt_lib_init_return                     0x08000247   Thumb Code     0  libinit2.o(.ARM.Collect$$libinit$$00000033)
    __rt_lib_init_signal_1                   0x08000247   Thumb Code     0  libinit2.o(.ARM.Collect$$libinit$$0000001D)
    __rt_lib_init_stdio_1                    0x08000247   Thumb Code     0  libinit2.o(.ARM.Collect$$libinit$$00000025)
    __rt_lib_shutdown                        0x08000249   Thumb Code     0  libshutdown.o(.ARM.Collect$$libshutdown$$00000000)
    __rt_lib_shutdown_cpp_1                  0x0800024b   Thumb Code     0  libshutdown2.o(.ARM.Collect$$libshutdown$$00000004)
    __rt_lib_shutdown_fini_1                 0x0800024b   Thumb Code     0  libshutdown2.o(.ARM.Collect$$libshutdown$$00000002)
    __rt_lib_shutdown_fp_trap_1              0x0800024b   Thumb Code     0  libshutdown2.o(.ARM.Collect$$libshutdown$$00000009)
    __rt_lib_shutdown_heap_1                 0x0800024b   Thumb Code     0  libshutdown2.o(.ARM.Collect$$libshutdown$$00000011)
    __rt_lib_shutdown_return                 0x0800024b   Thumb Code     0  libshutdown2.o(.ARM.Collect$$libshutdown$$00000012)
    __rt_lib_shutdown_signal_1               0x0800024b   Thumb Code     0  libshutdown2.o(.ARM.Collect$$libshutdown$$0000000C)
    __rt_lib_shutdown_stdio_1                0x0800024b   Thumb Code     0  libshutdown2.o(.ARM.Collect$$libshutdown$$00000006)
    __rt_lib_shutdown_user_alloc_1           0x0800024b   Thumb Code     0  libshutdown2.o(.ARM.Collect$$libshutdown$$0000000E)
    __rt_entry                               0x0800024d   Thumb Code     0  __rtentry.o(.ARM.Collect$$rtentry$$00000000)
    __rt_entry_presh_1                       0x0800024d   Thumb Code     0  __rtentry2.o(.ARM.Collect$$rtentry$$00000002)
    __rt_entry_sh                            0x0800024d   Thumb Code     0  __rtentry4.o(.ARM.Collect$$rtentry$$00000004)
    __rt_entry_li                            0x08000253   Thumb Code     0  __rtentry2.o(.ARM.Collect$$rtentry$$0000000A)
    __rt_entry_postsh_1                      0x08000253   Thumb Code     0  __rtentry2.o(.ARM.Collect$$rtentry$$00000009)
    __rt_entry_main                          0x08000257   Thumb Code     0  __rtentry2.o(.ARM.Collect$$rtentry$$0000000D)
    __rt_entry_postli_1                      0x08000257   Thumb Code     0  __rtentry2.o(.ARM.Collect$$rtentry$$0000000C)
    __rt_exit                                0x0800025f   Thumb Code     0  rtexit.o(.ARM.Collect$$rtexit$$00000000)
    __rt_exit_ls                             0x08000261   Thumb Code     0  rtexit2.o(.ARM.Collect$$rtexit$$00000003)
    __rt_exit_prels_1                        0x08000261   Thumb Code     0  rtexit2.o(.ARM.Collect$$rtexit$$00000002)
    __rt_exit_exit                           0x08000265   Thumb Code     0  rtexit2.o(.ARM.Collect$$rtexit$$00000004)
    rand                                     0x0800026d   Thumb Code    48  rand.o(.emb_text)
    Reset_Handler                            0x080002a1   Thumb Code    60  startup_stm32l476xx.o(.text)
    NMI_Handler                              0x080002dd   Thumb Code     2  startup_stm32l476xx.o(.text)
    HardFault_Handler                        0x080002df   Thumb Code     2  startup_stm32l476xx.o(.text)
    MemManage_Handler                        0x080002e1   Thumb Code     2  startup_stm32l476xx.o(.text)
    BusFault_Handler                         0x080002e3   Thumb Code     2  startup_stm32l476xx.o(.text)
    UsageFault_Handler                       0x080002e5   Thumb Code     2  startup_stm32l476xx.o(.text)
    SVC_Handler                              0x080002e7   Thumb Code     2  startup_stm32l476xx.o(.text)
    DebugMon_Handler                         0x080002e9   Thumb Code     2  startup_stm32l476xx.o(.text)
    PendSV_Handler                           0x080002eb   Thumb Code     2  startup_stm32l476xx.o(.text)
    ADC1_2_IRQHandler                        0x080002ef   Thumb Code     0  startup_stm32l476xx.o(.text)
    ADC3_IRQHandler                          0x080002ef   Thumb Code     0  startup_stm32l476xx.o(.text)
    CAN1_RX0_IRQHandler                      0x080002ef   Thumb Code     0  startup_stm32l476xx.o(.text)
    CAN1_RX1_IRQHandler                      0x080002ef   Thumb Code     0  startup_stm32l476xx.o(.text)
    CAN1_SCE_IRQHandler                      0x080002ef   Thumb Code     0  startup_stm32l476xx.o(.text)
    CAN1_TX_IRQHandler                       0x080002ef   Thumb Code     0  startup_stm32l476xx.o(.text)
    COMP_IRQHandler                          0x080002ef   Thumb Code     0  startup_stm32l476xx.o(.text)
    DFSDM0_IRQHandler                        0x080002ef   Thumb Code     0  startup_stm32l476xx.o(.text)
    DFSDM1_IRQHandler                        0x080002ef   Thumb Code     0  startup_stm32l476xx.o(.text)
    DFSDM2_IRQHandler                        0x080002ef   Thumb Code     0  startup_stm32l476xx.o(.text)
    DFSDM3_IRQHandler                        0x080002ef   Thumb Code     0  startup_stm32l476xx.o(.text)
    DMA1_Channel1_IRQHandler                 0x080002ef   Thumb Code     0  startup_stm32l476xx.o(.text)
    DMA1_Channel2_IRQHandler                 0x080002ef   Thumb Code     0  startup_stm32l476xx.o(.text)
    DMA1_Channel3_IRQHandler                 0x080002ef   Thumb Code     0  startup_stm32l476xx.o(.text)
    DMA1_Channel4_IRQHandler                 0x080002ef   Thumb Code     0  startup_stm32l476xx.o(.text)
    DMA1_Channel5_IRQHandler                 0x080002ef   Thumb Code     0  startup_stm32l476xx.o(.text)
    DMA1_Channel6_IRQHandler                 0x080002ef   Thumb Code     0  startup_stm32l476xx.o(.text)
    DMA1_Channel7_IRQHandler                 0x080002ef   Thumb Code     0  startup_stm32l476xx.o(.text)
    DMA2_Channel1_IRQHandler                 0x080002ef   Thumb Code     0  startup_stm32l476xx.o(.text)
    DMA2_Channel2_IRQHandler                 0x080002ef   Thumb Code     0  startup_stm32l476xx.o(.text)
    DMA2_Channel3_IRQHandler                 0x080002ef   Thumb Code     0  startup_stm32l476xx.o(.text)
    DMA2_Channel4_IRQHandler                 0x080002ef   Thumb Code     0  startup_stm32l476xx.o(.text)
    DMA2_Channel5_IRQHandler                 0x080002ef   Thumb Code     0  startup_stm32l476xx.o(.text)
    DMA2_Channel6_IRQHandler                 0x080002ef   Thumb Code     0  startup_stm32l476xx.o(.text)
    DMA2_Channel7_IRQHandler                 0x080002ef   Thumb Code     0  startup_stm32l476xx.o(.text)
    EXTI0_IRQHandler                         0x080002ef   Thumb Code     0  startup_stm32l476xx.o(.text)
    EXTI15_10_IRQHandler                     0x080002ef   Thumb Code     0  startup_stm32l476xx.o(.text)
    EXTI1_IRQHandler                         0x080002ef   Thumb Code     0  startup_stm32l476xx.o(.text)
    EXTI2_IRQHandler                         0x080002ef   Thumb Code     0  startup_stm32l476xx.o(.text)
    EXTI3_IRQHandler                         0x080002ef   Thumb Code     0  startup_stm32l476xx.o(.text)
    EXTI4_IRQHandler                         0x080002ef   Thumb Code     0  startup_stm32l476xx.o(.text)
    EXTI9_5_IRQHandler                       0x080002ef   Thumb Code     0  startup_stm32l476xx.o(.text)
    FLASH_IRQHandler                         0x080002ef   Thumb Code     0  startup_stm32l476xx.o(.text)
    FMC_IRQHandler                           0x080002ef   Thumb Code     0  startup_stm32l476xx.o(.text)
    FPU_IRQHandler                           0x080002ef   Thumb Code     0  startup_stm32l476xx.o(.text)
    I2C1_ER_IRQHandler                       0x080002ef   Thumb Code     0  startup_stm32l476xx.o(.text)
    I2C1_EV_IRQHandler                       0x080002ef   Thumb Code     0  startup_stm32l476xx.o(.text)
    I2C2_ER_IRQHandler                       0x080002ef   Thumb Code     0  startup_stm32l476xx.o(.text)
    I2C2_EV_IRQHandler                       0x080002ef   Thumb Code     0  startup_stm32l476xx.o(.text)
    I2C3_ER_IRQHandler                       0x080002ef   Thumb Code     0  startup_stm32l476xx.o(.text)
    I2C3_EV_IRQHandler                       0x080002ef   Thumb Code     0  startup_stm32l476xx.o(.text)
    LCD_IRQHandler                           0x080002ef   Thumb Code     0  startup_stm32l476xx.o(.text)
    LPTIM1_IRQHandler                        0x080002ef   Thumb Code     0  startup_stm32l476xx.o(.text)
    LPTIM2_IRQHandler                        0x080002ef   Thumb Code     0  startup_stm32l476xx.o(.text)
    LPUART1_IRQHandler                       0x080002ef   Thumb Code     0  startup_stm32l476xx.o(.text)
    OTG_FS_IRQHandler                        0x080002ef   Thumb Code     0  startup_stm32l476xx.o(.text)
    PVD_PVM_IRQHandler                       0x080002ef   Thumb Code     0  startup_stm32l476xx.o(.text)
    QUADSPI_IRQHandler                       0x080002ef   Thumb Code     0  startup_stm32l476xx.o(.text)
    RCC_IRQHandler                           0x080002ef   Thumb Code     0  startup_stm32l476xx.o(.text)
    RNG_IRQHandler                           0x080002ef   Thumb Code     0  startup_stm32l476xx.o(.text)
    RTC_Alarm_IRQHandler                     0x080002ef   Thumb Code     0  startup_stm32l476xx.o(.text)
    RTC_WKUP_IRQHandler                      0x080002ef   Thumb Code     0  startup_stm32l476xx.o(.text)
    SAI1_IRQHandler                          0x080002ef   Thumb Code     0  startup_stm32l476xx.o(.text)
    SAI2_IRQHandler                          0x080002ef   Thumb Code     0  startup_stm32l476xx.o(.text)
    SDMMC1_IRQHandler                        0x080002ef   Thumb Code     0  startup_stm32l476xx.o(.text)
    SPI1_IRQHandler                          0x080002ef   Thumb Code     0  startup_stm32l476xx.o(.text)
    SPI2_IRQHandler                          0x080002ef   Thumb Code     0  startup_stm32l476xx.o(.text)
    SPI3_IRQHandler                          0x080002ef   Thumb Code     0  startup_stm32l476xx.o(.text)
    SWPMI1_IRQHandler                        0x080002ef   Thumb Code     0  startup_stm32l476xx.o(.text)
    TAMP_STAMP_IRQHandler                    0x080002ef   Thumb Code     0  startup_stm32l476xx.o(.text)
    TIM1_BRK_TIM15_IRQHandler                0x080002ef   Thumb Code     0  startup_stm32l476xx.o(.text)
    TIM1_CC_IRQHandler                       0x080002ef   Thumb Code     0  startup_stm32l476xx.o(.text)
    TIM1_TRG_COM_TIM17_IRQHandler            0x080002ef   Thumb Code     0  startup_stm32l476xx.o(.text)
    TIM1_UP_TIM16_IRQHandler                 0x080002ef   Thumb Code     0  startup_stm32l476xx.o(.text)
    TIM2_IRQHandler                          0x080002ef   Thumb Code     0  startup_stm32l476xx.o(.text)
    TIM3_IRQHandler                          0x080002ef   Thumb Code     0  startup_stm32l476xx.o(.text)
    TIM4_IRQHandler                          0x080002ef   Thumb Code     0  startup_stm32l476xx.o(.text)
    TIM5_IRQHandler                          0x080002ef   Thumb Code     0  startup_stm32l476xx.o(.text)
    TIM6_DAC_IRQHandler                      0x080002ef   Thumb Code     0  startup_stm32l476xx.o(.text)
    TIM7_IRQHandler                          0x080002ef   Thumb Code     0  startup_stm32l476xx.o(.text)
    TIM8_BRK_IRQHandler                      0x080002ef   Thumb Code     0  startup_stm32l476xx.o(.text)
    TIM8_CC_IRQHandler                       0x080002ef   Thumb Code     0  startup_stm32l476xx.o(.text)
    TIM8_TRG_COM_IRQHandler                  0x080002ef   Thumb Code     0  startup_stm32l476xx.o(.text)
    TIM8_UP_IRQHandler                       0x080002ef   Thumb Code     0  startup_stm32l476xx.o(.text)
    TSC_IRQHandler                           0x080002ef   Thumb Code     0  startup_stm32l476xx.o(.text)
    UART4_IRQHandler                         0x080002ef   Thumb Code     0  startup_stm32l476xx.o(.text)
    UART5_IRQHandler                         0x080002ef   Thumb Code     0  startup_stm32l476xx.o(.text)
    USART1_IRQHandler                        0x080002ef   Thumb Code     0  startup_stm32l476xx.o(.text)
    USART2_IRQHandler                        0x080002ef   Thumb Code     0  startup_stm32l476xx.o(.text)
    USART3_IRQHandler                        0x080002ef   Thumb Code     0  startup_stm32l476xx.o(.text)
    WWDG_IRQHandler                          0x080002ef   Thumb Code     0  startup_stm32l476xx.o(.text)
    __user_initial_stackheap                 0x080002f1   Thumb Code     0  startup_stm32l476xx.o(.text)
    srand                                    0x08000325   Thumb Code    42  rand.o(.text)
    _rand_init                               0x0800034f   Thumb Code     4  rand.o(.text)
    __use_two_region_memory                  0x08000361   Thumb Code     2  heapauxi.o(.text)
    __rt_heap_escrow$2region                 0x08000363   Thumb Code     2  heapauxi.o(.text)
    __rt_heap_expand$2region                 0x08000365   Thumb Code     2  heapauxi.o(.text)
    __user_setup_stackheap                   0x08000367   Thumb Code    74  sys_stackheap_outer.o(.text)
    exit                                     0x080003b1   Thumb Code    18  exit.o(.text)
    __user_libspace                          0x080003c5   Thumb Code     8  libspace.o(.text)
    __user_perproc_libspace                  0x080003c5   Thumb Code     0  libspace.o(.text)
    __user_perthread_libspace                0x080003c5   Thumb Code     0  libspace.o(.text)
    __I$use$semihosting                      0x080003cd   Thumb Code     0  use_no_semi.o(.text)
    __use_no_semihosting_swi                 0x080003cd   Thumb Code     2  use_no_semi.o(.text)
    __semihosting_library_function           0x080003cf   Thumb Code     0  indicate_semi.o(.text)
    _sys_exit                                0x080003d1   Thumb Code     8  sys_exit.o(.text)
    BoxCheck                                 0x080003dd   Thumb Code  2052  game.o(i.BoxCheck)
    BridgePointer                            0x08000be1   Thumb Code   118  game.o(i.BridgePointer)
    BridgePointerClear                       0x08000c69   Thumb Code   430  game.o(i.BridgePointerClear)
    DrawDot                                  0x08000e35   Thumb Code   126  game.o(i.DrawDot)
    DrawResource                             0x08000ec1   Thumb Code  1140  main.o(i.DrawResource)
    DrawWhiteBorder                          0x08001335   Thumb Code   278  main.o(i.DrawWhiteBorder)
    GPIO_Init                                0x08001459   Thumb Code   296  gpio.o(i.GPIO_Init)
    GatherResource                           0x08001595   Thumb Code   314  game.o(i.GatherResource)
    I2C_GPIO_Init                            0x080016e5   Thumb Code   196  i2c.o(i.I2C_GPIO_Init)
    I2C_Initialization                       0x080017b1   Thumb Code   274  i2c.o(i.I2C_Initialization)
    I2C_ReceiveData                          0x080018cd   Thumb Code    92  i2c.o(i.I2C_ReceiveData)
    I2C_SendData                             0x08001929   Thumb Code   124  i2c.o(i.I2C_SendData)
    I2C_Start                                0x080019a5   Thumb Code    54  i2c.o(i.I2C_Start)
    I2C_Stop                                 0x080019e1   Thumb Code    22  i2c.o(i.I2C_Stop)
    I2C_WaitLineIdle                         0x080019f7   Thumb Code    16  i2c.o(i.I2C_WaitLineIdle)
    ILI9341_Enable                           0x08001a07   Thumb Code    18  sspi.o(i.ILI9341_Enable)
    ILI9341_RESET                            0x08001a19   Thumb Code    74  sspi.o(i.ILI9341_RESET)
    JoystickHandler                          0x08001a69   Thumb Code  2814  game.o(i.JoystickHandler)
    LCD_Circle                               0x08002589   Thumb Code    96  lcd_draw.o(i.LCD_Circle)
    LCD_DrawNumTitle                         0x080025ed   Thumb Code  3664  lcd_draw.o(i.LCD_DrawNumTitle)
    LCD_FillRect                             0x0800343d   Thumb Code    58  lcd_draw.o(i.LCD_FillRect)
    LCD_HLine                                0x0800347d   Thumb Code    46  lcd_draw.o(i.LCD_HLine)
    LCD_Rect                                 0x080034b1   Thumb Code   146  lcd_draw.o(i.LCD_Rect)
    LCD_Screen                               0x08003551   Thumb Code    26  lcd_draw.o(i.LCD_Screen)
    LCD_VLine                                0x08003571   Thumb Code    50  lcd_draw.o(i.LCD_VLine)
    MENU                                     0x080035a9   Thumb Code   732  main.o(i.MENU)
    NodePointer                              0x08003889   Thumb Code    64  game.o(i.NodePointer)
    NodePointerClear                         0x080038d9   Thumb Code   280  game.o(i.NodePointerClear)
    PurchaseBridge                           0x08003a0d   Thumb Code   632  game.o(i.PurchaseBridge)
    PurchaseNode                             0x08003cad   Thumb Code   428  game.o(i.PurchaseNode)
    Refresh                                  0x08003e85   Thumb Code    24  lcd_draw.o(i.Refresh)
    RefreshBridgePoint                       0x08003ea1   Thumb Code   120  game.o(i.RefreshBridgePoint)
    RefreshResourceBoard                     0x08003f21   Thumb Code  1292  game.o(i.RefreshResourceBoard)
    ResourceBoard                            0x08004435   Thumb Code   308  main.o(i.ResourceBoard)
    SPI_Init                                 0x0800457d   Thumb Code   108  gpio.o(i.SPI_Init)
    ScoreBoard                               0x080045f1   Thumb Code   558  main.o(i.ScoreBoard)
    ScoreHandler                             0x0800482d   Thumb Code   630  game.o(i.ScoreHandler)
    SysTick_Handler                          0x08004ac5   Thumb Code    92  systimer.o(i.SysTick_Handler)
    SysTick_Init                             0x08004b45   Thumb Code   130  systimer.o(i.SysTick_Init)
    System_Clock_Init                        0x08004bd1   Thumb Code   380  sysclock.o(i.System_Clock_Init)
    TurnIndicator                            0x08004d55   Thumb Code   108  game.o(i.TurnIndicator)
    __hardfp_floor                           0x08004dd1   Thumb Code   252  floor.o(i.__hardfp_floor)
    delay                                    0x08004ee9   Thumb Code    24  systimer.o(i.delay)
    hspi_cmd                                 0x08004f05   Thumb Code    64  sspi.o(i.hspi_cmd)
    hspi_w16                                 0x08004f4d   Thumb Code    18  sspi.o(i.hspi_w16)
    hspi_w8                                  0x08004f61   Thumb Code    20  sspi.o(i.hspi_w8)
    hspimod_w16                              0x08004f79   Thumb Code    24  sspi.o(i.hspimod_w16)
    ili9341_hspi_init                        0x08004f95   Thumb Code   534  util.o(i.ili9341_hspi_init)
    initialize_arrays                        0x080051b1   Thumb Code   258  game.o(i.initialize_arrays)
    main                                     0x080052c5   Thumb Code   772  main.o(i.main)
    shuffle                                  0x080055fd   Thumb Code    70  main.o(i.shuffle)
    __aeabi_dadd                             0x08005649   Thumb Code     0  daddsub_clz.o(x$fpl$dadd)
    _dadd                                    0x08005649   Thumb Code   332  daddsub_clz.o(x$fpl$dadd)
    __fpl_dcmp_Inf                           0x08005799   Thumb Code    24  dcmpi.o(x$fpl$dcmpinf)
    __aeabi_d2iz                             0x080057b1   Thumb Code     0  dfix.o(x$fpl$dfix)
    _dfix                                    0x080057b1   Thumb Code    94  dfix.o(x$fpl$dfix)
    __aeabi_i2d                              0x0800580f   Thumb Code     0  dflt_clz.o(x$fpl$dflt)
    _dflt                                    0x0800580f   Thumb Code    46  dflt_clz.o(x$fpl$dflt)
    __aeabi_cdcmple                          0x0800583d   Thumb Code     0  dleqf.o(x$fpl$dleqf)
    _dcmple                                  0x0800583d   Thumb Code   120  dleqf.o(x$fpl$dleqf)
    __fpl_dcmple_InfNaN                      0x0800589f   Thumb Code     0  dleqf.o(x$fpl$dleqf)
    __fpl_dnaninf                            0x080058b5   Thumb Code   156  dnaninf.o(x$fpl$dnaninf)
    __fpl_dretinf                            0x08005951   Thumb Code    12  dretinf.o(x$fpl$dretinf)
    __aeabi_cdrcmple                         0x0800595d   Thumb Code     0  drleqf.o(x$fpl$drleqf)
    _drcmple                                 0x0800595d   Thumb Code   108  drleqf.o(x$fpl$drleqf)
    __aeabi_drsub                            0x080059c9   Thumb Code     0  daddsub_clz.o(x$fpl$drsb)
    _drsb                                    0x080059c9   Thumb Code    22  daddsub_clz.o(x$fpl$drsb)
    __aeabi_dsub                             0x080059e1   Thumb Code     0  daddsub_clz.o(x$fpl$dsub)
    _dsub                                    0x080059e1   Thumb Code   464  daddsub_clz.o(x$fpl$dsub)
    _fp_init                                 0x08005bb5   Thumb Code    10  fpinit.o(x$fpl$fpinit)
    __fplib_config_fpu_vfp                   0x08005bbd   Thumb Code     0  fpinit.o(x$fpl$fpinit)
    __fplib_config_pureend_doubles           0x08005bbd   Thumb Code     0  fpinit.o(x$fpl$fpinit)
    __I$use$fp                               0x08005bbe   Number         0  usenofp.o(x$fpl$usenofp)
    Region$$Table$$Base                      0x08005bf0   Number         0  anon$$obj.o(Region$$Table)
    Image$$ER_IROM1$$RO$$Limit               0x08005c10   Number         0  anon$$obj.o ABSOLUTE
    Image$$ER_IROM1$$RW$$Base                0x08005c10   Number         0  anon$$obj.o ABSOLUTE
    Image$$ER_IROM1$$RW$$Limit               0x08005c10   Number         0  anon$$obj.o ABSOLUTE
    Image$$ER_IROM1$$ZI$$Base                0x08005c10   Number         0  anon$$obj.o ABSOLUTE
    Image$$ER_IROM1$$ZI$$Limit               0x08005c10   Number         0  anon$$obj.o ABSOLUTE
    Load$$RW_IRAM1$$Base                     0x08005c10   Number         0  anon$$obj.o ABSOLUTE
    Region$$Table$$Limit                     0x08005c10   Number         0  anon$$obj.o(Region$$Table)
    Image$$RW_IRAM1$$Base                    0x20000000   Number         0  anon$$obj.o ABSOLUTE
    Image$$RW_IRAM1$$RO$$Base                0x20000000   Number         0  anon$$obj.o ABSOLUTE
    Image$$RW_IRAM1$$RW$$Base                0x20000000   Number         0  anon$$obj.o ABSOLUTE
    rng                                      0x20000000   Data           4  main.o(.data)
    Debug                                    0x20000004   Data           4  main.o(.data)
    DebugAction                              0x20000008   Data           4  main.o(.data)
    SlaveAddress1                            0x2000000c   Data           1  main.o(.data)
    SlaveAddress2                            0x2000000d   Data           1  main.o(.data)
    Data_Receive                             0x2000000e   Data           6  main.o(.data)
    Data_Start                               0x20000014   Data           2  main.o(.data)
    Data_Conversion                          0x20000016   Data           1  main.o(.data)
    BLACK                                    0x20000017   Data           1  main.o(.data)
    WHITE                                    0x20000018   Data           1  main.o(.data)
    RED                                      0x20000019   Data           1  main.o(.data)
    LIGHTBLUE                                0x2000001a   Data           1  main.o(.data)
    BLUE                                     0x2000001b   Data           1  main.o(.data)
    LIGHTGREEN                               0x2000001c   Data           1  main.o(.data)
    DARKGREEN                                0x2000001d   Data           1  main.o(.data)
    GREEN                                    0x2000001e   Data           1  main.o(.data)
    YELLOW                                   0x2000001f   Data           1  main.o(.data)
    ORANGE                                   0x20000020   Data           1  main.o(.data)
    PURPLE                                   0x20000021   Data           1  main.o(.data)
    RGBLT                                    0x20000022   Data         512  sspi.o(.data)
    msTicks                                  0x20000224   Data           4  systimer.o(.data)
    joystick                                 0x20000228   Data           4  systimer.o(.data)
    direction                                0x2000022c   Data           1  game.o(.data)
    MODE                                     0x20000230   Data           4  game.o(.data)
    TURN                                     0x20000234   Data           4  game.o(.data)
    LOCK                                     0x20000238   Data           4  game.o(.data)
    NodePointX                               0x2000023c   Data           4  game.o(.data)
    NodePointY                               0x20000240   Data           4  game.o(.data)
    BridgePointX                             0x20000244   Data           4  game.o(.data)
    BridgePointY                             0x20000248   Data           4  game.o(.data)
    box_color                                0x2000024c   Data          52  game.o(.data)
    box_count                                0x20000280   Data          52  game.o(.data)
    Player1Res                               0x200002b4   Data          16  game.o(.data)
    Player2Res                               0x200002c4   Data          16  game.o(.data)
    Initial_state                            0x200002d4   Data           4  game.o(.data)
    Score                                    0x200002d8   Data           8  game.o(.data)
    BridgeScore                              0x200002e0   Data           8  game.o(.data)
    NodeCoord                                0x200002e8   Data         288  game.o(.data)
    BridgeCoord                              0x20000408   Data        1056  game.o(.data)
    Image$$RW_IRAM1$$Limit                   0x20000828   Number         0  anon$$obj.o ABSOLUTE
    Image$$RW_IRAM1$$RW$$Limit               0x20000828   Number         0  anon$$obj.o ABSOLUTE
    Image$$RW_IRAM1$$ZI$$Base                0x20000828   Number         0  anon$$obj.o ABSOLUTE
    screen                                   0x20000828   Data       76800  lcd_draw.o(.bss)
    ack_box                                  0x20013428   Data          52  game.o(.bss)
    node_owner                               0x2001345c   Data         144  game.o(.bss)
    bridge_owner                             0x200134ec   Data         264  game.o(.bss)
    resourceavailable                        0x200135f4   Data         784  game.o(.bss)
    _random_number_data                      0x20013904   Data         228  rand.o(.bss)
    __libspace_start                         0x200139e8   Data          96  libspace.o(.bss)
    __temporary_stack_top$libspace           0x20013a48   Data           0  libspace.o(.bss)
    Image$$RW_IRAM1$$ZI$$Limit               0x20014048   Number         0  anon$$obj.o ABSOLUTE



==============================================================================

Memory Map of the image

  Image Entry point : 0x08000189

  Load Region LR_IROM1 (Base: 0x08000000, Size: 0x00006438, Max: 0x00100000, ABSOLUTE, COMPRESSED[0x00005f74])

    Execution Region ER_IROM1 (Exec base: 0x08000000, Load base: 0x08000000, Size: 0x00005c10, Max: 0x00100000, ABSOLUTE)

    Exec Addr    Load Addr    Size         Type   Attr      Idx    E Section Name        Object

    0x08000000   0x08000000   0x00000188   Data   RO          315    RESET               startup_stm32l476xx.o
    0x08000188   0x08000188   0x00000008   Code   RO          621  * !!!main             c_w.l(__main.o)
    0x08000190   0x08000190   0x00000034   Code   RO          815    !!!scatter          c_w.l(__scatter.o)
    0x080001c4   0x080001c4   0x0000005a   Code   RO          813    !!dczerorl2         c_w.l(__dczerorl2.o)
    0x0800021e   0x0800021e   0x00000002   PAD
    0x08000220   0x08000220   0x0000001c   Code   RO          817    !!handler_zi        c_w.l(__scatter_zi.o)
    0x0800023c   0x0800023c   0x00000002   Code   RO          732    .ARM.Collect$$libinit$$00000000  c_w.l(libinit.o)
    0x0800023e   0x0800023e   0x00000004   Code   RO          640    .ARM.Collect$$libinit$$00000001  c_w.l(libinit2.o)
    0x08000242   0x08000242   0x00000000   Code   RO          643    .ARM.Collect$$libinit$$00000004  c_w.l(libinit2.o)
    0x08000242   0x08000242   0x00000000   Code   RO          646    .ARM.Collect$$libinit$$0000000A  c_w.l(libinit2.o)
    0x08000242   0x08000242   0x00000000   Code   RO          648    .ARM.Collect$$libinit$$0000000C  c_w.l(libinit2.o)
    0x08000242   0x08000242   0x00000004   Code   RO          649    .ARM.Collect$$libinit$$0000000D  c_w.l(libinit2.o)
    0x08000246   0x08000246   0x00000000   Code   RO          650    .ARM.Collect$$libinit$$0000000E  c_w.l(libinit2.o)
    0x08000246   0x08000246   0x00000000   Code   RO          653    .ARM.Collect$$libinit$$00000011  c_w.l(libinit2.o)
    0x08000246   0x08000246   0x00000000   Code   RO          655    .ARM.Collect$$libinit$$00000013  c_w.l(libinit2.o)
    0x08000246   0x08000246   0x00000000   Code   RO          657    .ARM.Collect$$libinit$$00000015  c_w.l(libinit2.o)
    0x08000246   0x08000246   0x00000000   Code   RO          659    .ARM.Collect$$libinit$$00000017  c_w.l(libinit2.o)
    0x08000246   0x08000246   0x00000000   Code   RO          661    .ARM.Collect$$libinit$$00000019  c_w.l(libinit2.o)
    0x08000246   0x08000246   0x00000000   Code   RO          663    .ARM.Collect$$libinit$$0000001B  c_w.l(libinit2.o)
    0x08000246   0x08000246   0x00000000   Code   RO          665    .ARM.Collect$$libinit$$0000001D  c_w.l(libinit2.o)
    0x08000246   0x08000246   0x00000000   Code   RO          667    .ARM.Collect$$libinit$$0000001F  c_w.l(libinit2.o)
    0x08000246   0x08000246   0x00000000   Code   RO          669    .ARM.Collect$$libinit$$00000021  c_w.l(libinit2.o)
    0x08000246   0x08000246   0x00000000   Code   RO          671    .ARM.Collect$$libinit$$00000023  c_w.l(libinit2.o)
    0x08000246   0x08000246   0x00000000   Code   RO          673    .ARM.Collect$$libinit$$00000025  c_w.l(libinit2.o)
    0x08000246   0x08000246   0x00000000   Code   RO          677    .ARM.Collect$$libinit$$0000002C  c_w.l(libinit2.o)
    0x08000246   0x08000246   0x00000000   Code   RO          679    .ARM.Collect$$libinit$$0000002E  c_w.l(libinit2.o)
    0x08000246   0x08000246   0x00000000   Code   RO          681    .ARM.Collect$$libinit$$00000030  c_w.l(libinit2.o)
    0x08000246   0x08000246   0x00000000   Code   RO          683    .ARM.Collect$$libinit$$00000032  c_w.l(libinit2.o)
    0x08000246   0x08000246   0x00000002   Code   RO          684    .ARM.Collect$$libinit$$00000033  c_w.l(libinit2.o)
    0x08000248   0x08000248   0x00000002   Code   RO          772    .ARM.Collect$$libshutdown$$00000000  c_w.l(libshutdown.o)
    0x0800024a   0x0800024a   0x00000000   Code   RO          778    .ARM.Collect$$libshutdown$$00000002  c_w.l(libshutdown2.o)
    0x0800024a   0x0800024a   0x00000000   Code   RO          780    .ARM.Collect$$libshutdown$$00000004  c_w.l(libshutdown2.o)
    0x0800024a   0x0800024a   0x00000000   Code   RO          782    .ARM.Collect$$libshutdown$$00000006  c_w.l(libshutdown2.o)
    0x0800024a   0x0800024a   0x00000000   Code   RO          785    .ARM.Collect$$libshutdown$$00000009  c_w.l(libshutdown2.o)
    0x0800024a   0x0800024a   0x00000000   Code   RO          788    .ARM.Collect$$libshutdown$$0000000C  c_w.l(libshutdown2.o)
    0x0800024a   0x0800024a   0x00000000   Code   RO          790    .ARM.Collect$$libshutdown$$0000000E  c_w.l(libshutdown2.o)
    0x0800024a   0x0800024a   0x00000000   Code   RO          793    .ARM.Collect$$libshutdown$$00000011  c_w.l(libshutdown2.o)
    0x0800024a   0x0800024a   0x00000002   Code   RO          794    .ARM.Collect$$libshutdown$$00000012  c_w.l(libshutdown2.o)
    0x0800024c   0x0800024c   0x00000000   Code   RO          639    .ARM.Collect$$rtentry$$00000000  c_w.l(__rtentry.o)
    0x0800024c   0x0800024c   0x00000000   Code   RO          697    .ARM.Collect$$rtentry$$00000002  c_w.l(__rtentry2.o)
    0x0800024c   0x0800024c   0x00000006   Code   RO          709    .ARM.Collect$$rtentry$$00000004  c_w.l(__rtentry4.o)
    0x08000252   0x08000252   0x00000000   Code   RO          699    .ARM.Collect$$rtentry$$00000009  c_w.l(__rtentry2.o)
    0x08000252   0x08000252   0x00000004   Code   RO          700    .ARM.Collect$$rtentry$$0000000A  c_w.l(__rtentry2.o)
    0x08000256   0x08000256   0x00000000   Code   RO          702    .ARM.Collect$$rtentry$$0000000C  c_w.l(__rtentry2.o)
    0x08000256   0x08000256   0x00000008   Code   RO          703    .ARM.Collect$$rtentry$$0000000D  c_w.l(__rtentry2.o)
    0x0800025e   0x0800025e   0x00000002   Code   RO          740    .ARM.Collect$$rtexit$$00000000  c_w.l(rtexit.o)
    0x08000260   0x08000260   0x00000000   Code   RO          752    .ARM.Collect$$rtexit$$00000002  c_w.l(rtexit2.o)
    0x08000260   0x08000260   0x00000004   Code   RO          753    .ARM.Collect$$rtexit$$00000003  c_w.l(rtexit2.o)
    0x08000264   0x08000264   0x00000006   Code   RO          754    .ARM.Collect$$rtexit$$00000004  c_w.l(rtexit2.o)
    0x0800026a   0x0800026a   0x00000002   PAD
    0x0800026c   0x0800026c   0x00000034   Code   RO          614    .emb_text           c_w.l(rand.o)
    0x080002a0   0x080002a0   0x00000084   Code   RO          316    .text               startup_stm32l476xx.o
    0x08000324   0x08000324   0x0000003c   Code   RO          615    .text               c_w.l(rand.o)
    0x08000360   0x08000360   0x00000006   Code   RO          619    .text               c_w.l(heapauxi.o)
    0x08000366   0x08000366   0x0000004a   Code   RO          719    .text               c_w.l(sys_stackheap_outer.o)
    0x080003b0   0x080003b0   0x00000012   Code   RO          721    .text               c_w.l(exit.o)
    0x080003c2   0x080003c2   0x00000002   PAD
    0x080003c4   0x080003c4   0x00000008   Code   RO          737    .text               c_w.l(libspace.o)
    0x080003cc   0x080003cc   0x00000002   Code   RO          748    .text               c_w.l(use_no_semi.o)
    0x080003ce   0x080003ce   0x00000000   Code   RO          750    .text               c_w.l(indicate_semi.o)
    0x080003ce   0x080003ce   0x00000002   PAD
    0x080003d0   0x080003d0   0x0000000c   Code   RO          764    .text               c_w.l(sys_exit.o)
    0x080003dc   0x080003dc   0x00000804   Code   RO          425    i.BoxCheck          game.o
    0x08000be0   0x08000be0   0x00000088   Code   RO          426    i.BridgePointer     game.o
    0x08000c68   0x08000c68   0x000001cc   Code   RO          427    i.BridgePointerClear  game.o
    0x08000e34   0x08000e34   0x0000008c   Code   RO          428    i.DrawDot           game.o
    0x08000ec0   0x08000ec0   0x00000474   Code   RO           70    i.DrawResource      main.o
    0x08001334   0x08001334   0x00000124   Code   RO           71    i.DrawWhiteBorder   main.o
    0x08001458   0x08001458   0x0000013c   Code   RO            4    i.GPIO_Init         gpio.o
    0x08001594   0x08001594   0x00000150   Code   RO          429    i.GatherResource    game.o
    0x080016e4   0x080016e4   0x000000cc   Code   RO          555    i.I2C_GPIO_Init     i2c.o
    0x080017b0   0x080017b0   0x0000011c   Code   RO          556    i.I2C_Initialization  i2c.o
    0x080018cc   0x080018cc   0x0000005c   Code   RO          557    i.I2C_ReceiveData   i2c.o
    0x08001928   0x08001928   0x0000007c   Code   RO          558    i.I2C_SendData      i2c.o
    0x080019a4   0x080019a4   0x0000003c   Code   RO          559    i.I2C_Start         i2c.o
    0x080019e0   0x080019e0   0x00000016   Code   RO          560    i.I2C_Stop          i2c.o
    0x080019f6   0x080019f6   0x00000010   Code   RO          561    i.I2C_WaitLineIdle  i2c.o
    0x08001a06   0x08001a06   0x00000012   Code   RO          174    i.ILI9341_Enable    sspi.o
    0x08001a18   0x08001a18   0x00000050   Code   RO          175    i.ILI9341_RESET     sspi.o
    0x08001a68   0x08001a68   0x00000b20   Code   RO          430    i.JoystickHandler   game.o
    0x08002588   0x08002588   0x00000064   Code   RO          243    i.LCD_Circle        lcd_draw.o
    0x080025ec   0x080025ec   0x00000e50   Code   RO          244    i.LCD_DrawNumTitle  lcd_draw.o
    0x0800343c   0x0800343c   0x00000040   Code   RO          245    i.LCD_FillRect      lcd_draw.o
    0x0800347c   0x0800347c   0x00000034   Code   RO          246    i.LCD_HLine         lcd_draw.o
    0x080034b0   0x080034b0   0x0000009e   Code   RO          247    i.LCD_Rect          lcd_draw.o
    0x0800354e   0x0800354e   0x00000002   PAD
    0x08003550   0x08003550   0x00000020   Code   RO          248    i.LCD_Screen        lcd_draw.o
    0x08003570   0x08003570   0x00000038   Code   RO          249    i.LCD_VLine         lcd_draw.o
    0x080035a8   0x080035a8   0x000002e0   Code   RO           72    i.MENU              main.o
    0x08003888   0x08003888   0x00000050   Code   RO          431    i.NodePointer       game.o
    0x080038d8   0x080038d8   0x00000134   Code   RO          432    i.NodePointerClear  game.o
    0x08003a0c   0x08003a0c   0x000002a0   Code   RO          433    i.PurchaseBridge    game.o
    0x08003cac   0x08003cac   0x000001d8   Code   RO          434    i.PurchaseNode      game.o
    0x08003e84   0x08003e84   0x0000001c   Code   RO          250    i.Refresh           lcd_draw.o
    0x08003ea0   0x08003ea0   0x00000080   Code   RO          435    i.RefreshBridgePoint  game.o
    0x08003f20   0x08003f20   0x00000514   Code   RO          436    i.RefreshResourceBoard  game.o
    0x08004434   0x08004434   0x00000148   Code   RO           73    i.ResourceBoard     main.o
    0x0800457c   0x0800457c   0x00000074   Code   RO            5    i.SPI_Init          gpio.o
    0x080045f0   0x080045f0   0x0000023c   Code   RO           74    i.ScoreBoard        main.o
    0x0800482c   0x0800482c   0x00000298   Code   RO          437    i.ScoreHandler      game.o
    0x08004ac4   0x08004ac4   0x00000080   Code   RO          347    i.SysTick_Handler   systimer.o
    0x08004b44   0x08004b44   0x0000008c   Code   RO          348    i.SysTick_Init      systimer.o
    0x08004bd0   0x08004bd0   0x00000184   Code   RO          323    i.System_Clock_Init  sysclock.o
    0x08004d54   0x08004d54   0x0000007c   Code   RO          438    i.TurnIndicator     game.o
    0x08004dd0   0x08004dd0   0x00000118   Code   RO          633    i.__hardfp_floor    m_wm.l(floor.o)
    0x08004ee8   0x08004ee8   0x0000001c   Code   RO          349    i.delay             systimer.o
    0x08004f04   0x08004f04   0x00000048   Code   RO          176    i.hspi_cmd          sspi.o
    0x08004f4c   0x08004f4c   0x00000012   Code   RO          177    i.hspi_w16          sspi.o
    0x08004f5e   0x08004f5e   0x00000002   PAD
    0x08004f60   0x08004f60   0x00000018   Code   RO          178    i.hspi_w8           sspi.o
    0x08004f78   0x08004f78   0x0000001c   Code   RO          179    i.hspimod_w16       sspi.o
    0x08004f94   0x08004f94   0x0000021c   Code   RO          395    i.ili9341_hspi_init  util.o
    0x080051b0   0x080051b0   0x00000114   Code   RO          439    i.initialize_arrays  game.o
    0x080052c4   0x080052c4   0x00000338   Code   RO           75    i.main              main.o
    0x080055fc   0x080055fc   0x0000004c   Code   RO           76    i.shuffle           main.o
    0x08005648   0x08005648   0x00000150   Code   RO          685    x$fpl$dadd          fz_wm.l(daddsub_clz.o)
    0x08005798   0x08005798   0x00000018   Code   RO          733    x$fpl$dcmpinf       fz_wm.l(dcmpi.o)
    0x080057b0   0x080057b0   0x0000005e   Code   RO          623    x$fpl$dfix          fz_wm.l(dfix.o)
    0x0800580e   0x0800580e   0x0000002e   Code   RO          628    x$fpl$dflt          fz_wm.l(dflt_clz.o)
    0x0800583c   0x0800583c   0x00000078   Code   RO          713    x$fpl$dleqf         fz_wm.l(dleqf.o)
    0x080058b4   0x080058b4   0x0000009c   Code   RO          691    x$fpl$dnaninf       fz_wm.l(dnaninf.o)
    0x08005950   0x08005950   0x0000000c   Code   RO          715    x$fpl$dretinf       fz_wm.l(dretinf.o)
    0x0800595c   0x0800595c   0x0000006c   Code   RO          693    x$fpl$drleqf        fz_wm.l(drleqf.o)
    0x080059c8   0x080059c8   0x00000016   Code   RO          686    x$fpl$drsb          fz_wm.l(daddsub_clz.o)
    0x080059de   0x080059de   0x00000002   PAD
    0x080059e0   0x080059e0   0x000001d4   Code   RO          687    x$fpl$dsub          fz_wm.l(daddsub_clz.o)
    0x08005bb4   0x08005bb4   0x0000000a   Code   RO          717    x$fpl$fpinit        fz_wm.l(fpinit.o)
    0x08005bbe   0x08005bbe   0x00000000   Code   RO          695    x$fpl$usenofp       fz_wm.l(usenofp.o)
    0x08005bbe   0x08005bbe   0x00000002   PAD
    0x08005bc0   0x08005bc0   0x00000030   Data   RO           77    .constdata          main.o
    0x08005bf0   0x08005bf0   0x00000020   Data   RO          811    Region$$Table       anon$$obj.o


    Execution Region RW_IRAM1 (Exec base: 0x20000000, Load base: 0x08005c10, Size: 0x00014048, Max: 0x00018000, ABSOLUTE, COMPRESSED[0x00000364])

    Exec Addr    Load Addr    Size         Type   Attr      Idx    E Section Name        Object

    0x20000000   COMPRESSED   0x00000022   Data   RW           78    .data               main.o
    0x20000022   COMPRESSED   0x00000200   Data   RW          182    .data               sspi.o
    0x20000222   COMPRESSED   0x00000002   PAD
    0x20000224   COMPRESSED   0x00000008   Data   RW          350    .data               systimer.o
    0x2000022c   COMPRESSED   0x000005fc   Data   RW          441    .data               game.o
    0x20000828        -       0x00012c00   Zero   RW          251    .bss                lcd_draw.o
    0x20013428        -       0x000004dc   Zero   RW          440    .bss                game.o
    0x20013904        -       0x000000e4   Zero   RW          616    .bss                c_w.l(rand.o)
    0x200139e8        -       0x00000060   Zero   RW          738    .bss                c_w.l(libspace.o)
    0x20013a48        -       0x00000200   Zero   RW          314    HEAP                startup_stm32l476xx.o
    0x20013c48        -       0x00000400   Zero   RW          313    STACK               startup_stm32l476xx.o


==============================================================================

Image component sizes


      Code (inc. data)   RO Data    RW Data    ZI Data      Debug   Object Name

      9996        438          0       1532       1244      13219   game.o
       432         28          0          0          0     318395   gpio.o
       802         24          0          0          0       4968   i2c.o
      4154         38          0          0      76800       7014   lcd_draw.o
      3968        142         48         34          0       8784   main.o
       240         22          0        512          0       3611   sspi.o
       132         42        392          0       1536        840   startup_stm32l476xx.o
       388          8          0          0          0        628   sysclock.o
       296         50          0          8          0      32928   systimer.o
       540          6          0          0          0        928   util.o

    ----------------------------------------------------------------------
     20952        798        472       2088      79580     391315   Object Totals
         0          0         32          0          0          0   (incl. Generated)
         4          0          0          2          0          0   (incl. Padding)

    ----------------------------------------------------------------------

      Code (inc. data)   RO Data    RW Data    ZI Data      Debug   Library Member Name

        90          0          0          0          0          0   __dczerorl2.o
         8          0          0          0          0         68   __main.o
         0          0          0          0          0          0   __rtentry.o
        12          0          0          0          0          0   __rtentry2.o
         6          0          0          0          0          0   __rtentry4.o
        52          8          0          0          0          0   __scatter.o
        28          0          0          0          0          0   __scatter_zi.o
        18          0          0          0          0         80   exit.o
         6          0          0          0          0        152   heapauxi.o
         0          0          0          0          0          0   indicate_semi.o
         2          0          0          0          0          0   libinit.o
        10          0          0          0          0          0   libinit2.o
         2          0          0          0          0          0   libshutdown.o
         2          0          0          0          0          0   libshutdown2.o
         8          4          0          0         96         68   libspace.o
       112         18          0          0        228        160   rand.o
         2          0          0          0          0          0   rtexit.o
        10          0          0          0          0          0   rtexit2.o
        12          4          0          0          0         68   sys_exit.o
        74          0          0          0          0         80   sys_stackheap_outer.o
         2          0          0          0          0         68   use_no_semi.o
       826         16          0          0          0        492   daddsub_clz.o
        24          0          0          0          0        116   dcmpi.o
        94          4          0          0          0        140   dfix.o
        46          0          0          0          0        116   dflt_clz.o
       120          4          0          0          0        140   dleqf.o
       156          4          0          0          0        140   dnaninf.o
        12          0          0          0          0        116   dretinf.o
       108          0          0          0          0        128   drleqf.o
        10          0          0          0          0        116   fpinit.o
         0          0          0          0          0          0   usenofp.o
       280         28          0          0          0        156   floor.o

    ----------------------------------------------------------------------
      2144         90          0          0        324       2404   Library Totals
        12          0          0          0          0          0   (incl. Padding)

    ----------------------------------------------------------------------

      Code (inc. data)   RO Data    RW Data    ZI Data      Debug   Library Name

       456         34          0          0        324        744   c_w.l
      1396         28          0          0          0       1504   fz_wm.l
       280         28          0          0          0        156   m_wm.l

    ----------------------------------------------------------------------
      2144         90          0          0        324       2404   Library Totals

    ----------------------------------------------------------------------

==============================================================================


      Code (inc. data)   RO Data    RW Data    ZI Data      Debug   

     23096        888        472       2088      79904     387759   Grand Totals
     23096        888        472        868      79904     387759   ELF Image Totals (compressed)
     23096        888        472        868          0          0   ROM Totals

==============================================================================

    Total RO  Size (Code + RO Data)                23568 (  23.02kB)
    Total RW  Size (RW Data + ZI Data)             81992 (  80.07kB)
    Total ROM Size (Code + RO Data + RW Data)      24436 (  23.86kB)

==============================================================================

